Component: Arm Compiler for Embedded 6.23 Tool: armlink [5f102400]

==============================================================================

Section Cross References

    startup_stm32f411xe.o(STACK) refers (Special) to heapauxi.o(.text) for __use_two_region_memory
    startup_stm32f411xe.o(HEAP) refers (Special) to heapauxi.o(.text) for __use_two_region_memory
    startup_stm32f411xe.o(RESET) refers (Special) to heapauxi.o(.text) for __use_two_region_memory
    startup_stm32f411xe.o(RESET) refers to startup_stm32f411xe.o(STACK) for __initial_sp
    startup_stm32f411xe.o(RESET) refers to startup_stm32f411xe.o(.text) for Reset_Handler
    startup_stm32f411xe.o(RESET) refers to stm32f4xx_it.o(.text.NMI_Handler) for NMI_Handler
    startup_stm32f411xe.o(RESET) refers to stm32f4xx_it.o(.text.HardFault_Handler) for HardFault_Handler
    startup_stm32f411xe.o(RESET) refers to stm32f4xx_it.o(.text.MemManage_Handler) for MemManage_Handler
    startup_stm32f411xe.o(RESET) refers to stm32f4xx_it.o(.text.BusFault_Handler) for BusFault_Handler
    startup_stm32f411xe.o(RESET) refers to stm32f4xx_it.o(.text.UsageFault_Handler) for UsageFault_Handler
    startup_stm32f411xe.o(RESET) refers to stm32f4xx_it.o(.text.SVC_Handler) for SVC_Handler
    startup_stm32f411xe.o(RESET) refers to stm32f4xx_it.o(.text.DebugMon_Handler) for DebugMon_Handler
    startup_stm32f411xe.o(RESET) refers to stm32f4xx_it.o(.text.PendSV_Handler) for PendSV_Handler
    startup_stm32f411xe.o(RESET) refers to stm32f4xx_it.o(.text.SysTick_Handler) for SysTick_Handler
    startup_stm32f411xe.o(RESET) refers to stm32f4xx_it.o(.text.EXTI0_IRQHandler) for EXTI0_IRQHandler
    startup_stm32f411xe.o(RESET) refers to stm32f4xx_it.o(.text.ADC_IRQHandler) for ADC_IRQHandler
    startup_stm32f411xe.o(RESET) refers to stm32f4xx_it.o(.text.TIM1_UP_TIM10_IRQHandler) for TIM1_UP_TIM10_IRQHandler
    startup_stm32f411xe.o(.text) refers (Special) to heapauxi.o(.text) for __use_two_region_memory
    startup_stm32f411xe.o(.text) refers to system_stm32f4xx.o(.text.SystemInit) for SystemInit
    startup_stm32f411xe.o(.text) refers to __main.o(!!!main) for __main
    startup_stm32f411xe.o(.text) refers to startup_stm32f411xe.o(HEAP) for Heap_Mem
    startup_stm32f411xe.o(.text) refers to startup_stm32f411xe.o(STACK) for Stack_Mem
    my_1602.o(.text.lcd_init) refers to my_1602.o(.bss.lcd_i2c) for lcd_i2c
    my_1602.o(.text.lcd_init) refers to stm32f4xx_hal.o(.text.HAL_Delay) for HAL_Delay
    my_1602.o(.text.lcd_init) refers to stm32f4xx_hal_i2c.o(.text.HAL_I2C_Master_Transmit) for HAL_I2C_Master_Transmit
    my_1602.o(.ARM.exidx.text.lcd_init) refers to my_1602.o(.text.lcd_init) for [Anonymous Symbol]
    my_1602.o(.text.lcd_send_raw_cmd) refers to my_1602.o(.bss.lcd_i2c) for lcd_i2c
    my_1602.o(.text.lcd_send_raw_cmd) refers to stm32f4xx_hal_i2c.o(.text.HAL_I2C_Master_Transmit) for HAL_I2C_Master_Transmit
    my_1602.o(.ARM.exidx.text.lcd_send_raw_cmd) refers to my_1602.o(.text.lcd_send_raw_cmd) for [Anonymous Symbol]
    my_1602.o(.text.lcd_send_cmd) refers to my_1602.o(.bss.lcd_i2c) for lcd_i2c
    my_1602.o(.text.lcd_send_cmd) refers to stm32f4xx_hal_i2c.o(.text.HAL_I2C_Master_Transmit) for HAL_I2C_Master_Transmit
    my_1602.o(.ARM.exidx.text.lcd_send_cmd) refers to my_1602.o(.text.lcd_send_cmd) for [Anonymous Symbol]
    my_1602.o(.text.lcd_send_string) refers to my_1602.o(.bss.lcd_i2c) for lcd_i2c
    my_1602.o(.text.lcd_send_string) refers to stm32f4xx_hal_i2c.o(.text.HAL_I2C_Master_Transmit) for HAL_I2C_Master_Transmit
    my_1602.o(.ARM.exidx.text.lcd_send_string) refers to my_1602.o(.text.lcd_send_string) for [Anonymous Symbol]
    my_1602.o(.text.lcd_send_data) refers to my_1602.o(.bss.lcd_i2c) for lcd_i2c
    my_1602.o(.text.lcd_send_data) refers to stm32f4xx_hal_i2c.o(.text.HAL_I2C_Master_Transmit) for HAL_I2C_Master_Transmit
    my_1602.o(.ARM.exidx.text.lcd_send_data) refers to my_1602.o(.text.lcd_send_data) for [Anonymous Symbol]
    my_1602.o(.text.lcd_clear) refers to my_1602.o(.bss.lcd_i2c) for lcd_i2c
    my_1602.o(.text.lcd_clear) refers to stm32f4xx_hal_i2c.o(.text.HAL_I2C_Master_Transmit) for HAL_I2C_Master_Transmit
    my_1602.o(.text.lcd_clear) refers to stm32f4xx_hal.o(.text.HAL_Delay) for HAL_Delay
    my_1602.o(.ARM.exidx.text.lcd_clear) refers to my_1602.o(.text.lcd_clear) for [Anonymous Symbol]
    my_1602.o(.text.lcd_set_cursor) refers to my_1602.o(.rodata.cst4) for .L__const.lcd_set_cursor.row_offsets
    my_1602.o(.text.lcd_set_cursor) refers to my_1602.o(.bss.lcd_i2c) for lcd_i2c
    my_1602.o(.text.lcd_set_cursor) refers to stm32f4xx_hal_i2c.o(.text.HAL_I2C_Master_Transmit) for HAL_I2C_Master_Transmit
    my_1602.o(.ARM.exidx.text.lcd_set_cursor) refers to my_1602.o(.text.lcd_set_cursor) for [Anonymous Symbol]
    my_1602.o(.text.lcd_create_char) refers to my_1602.o(.bss.lcd_i2c) for lcd_i2c
    my_1602.o(.text.lcd_create_char) refers to stm32f4xx_hal_i2c.o(.text.HAL_I2C_Master_Transmit) for HAL_I2C_Master_Transmit
[...]
    !!!scatter                               0x080001a0   Section       92  __scatter.o(!!!scatter)
    !!handler_copy                           0x080001fc   Section       26  __scatter_copy.o(!!handler_copy)
    !!handler_null                           0x08000218   Section        2  __scatter.o(!!handler_null)
    !!handler_zi                             0x0800021c   Section       28  __scatter_zi.o(!!handler_zi)
    .ARM.Collect$$_printf_percent$$00000000  0x08000238   Section        0  _printf_percent.o(.ARM.Collect$$_printf_percent$$00000000)
    .ARM.Collect$$_printf_percent$$00000008  0x08000238   Section        6  _printf_i.o(.ARM.Collect$$_printf_percent$$00000008)
    .ARM.Collect$$_printf_percent$$00000009  0x0800023e   Section        6  _printf_d.o(.ARM.Collect$$_printf_percent$$00000009)
    .ARM.Collect$$_printf_percent$$0000000A  0x08000244   Section        6  _printf_u.o(.ARM.Collect$$_printf_percent$$0000000A)
    .ARM.Collect$$_printf_percent$$0000000B  0x0800024a   Section        6  _printf_o.o(.ARM.Collect$$_printf_percent$$0000000B)
    .ARM.Collect$$_printf_percent$$0000000C  0x08000250   Section        6  _printf_x.o(.ARM.Collect$$_printf_percent$$0000000C)
    .ARM.Collect$$_printf_percent$$00000012  0x08000256   Section       10  _printf_l.o(.ARM.Collect$$_printf_percent$$00000012)
    .ARM.Collect$$_printf_percent$$00000013  0x08000260   Section        6  _printf_c.o(.ARM.Collect$$_printf_percent$$00000013)
    .ARM.Collect$$_printf_percent$$00000015  0x08000266   Section        6  _printf_lc.o(.ARM.Collect$$_printf_percent$$00000015)
    .ARM.Collect$$_printf_percent$$00000017  0x0800026c   Section        4  _printf_percent_end.o(.ARM.Collect$$_printf_percent$$00000017)
    .ARM.Collect$$libinit$$00000000          0x08000270   Section        2  libinit.o(.ARM.Collect$$libinit$$00000000)
    .ARM.Collect$$libinit$$00000001          0x08000272   Section        4  libinit2.o(.ARM.Collect$$libinit$$00000001)
    .ARM.Collect$$libinit$$00000004          0x08000276   Section        0  libinit2.o(.ARM.Collect$$libinit$$00000004)
    .ARM.Collect$$libinit$$00000006          0x08000276   Section        0  libinit2.o(.ARM.Collect$$libinit$$00000006)
    .ARM.Collect$$libinit$$0000000C          0x08000276   Section        0  libinit2.o(.ARM.Collect$$libinit$$0000000C)
    .ARM.Collect$$libinit$$0000000E          0x08000276   Section        0  libinit2.o(.ARM.Collect$$libinit$$0000000E)
    .ARM.Collect$$libinit$$00000010          0x08000276   Section        0  libinit2.o(.ARM.Collect$$libinit$$00000010)
    .ARM.Collect$$libinit$$00000011          0x08000276   Section        6  libinit2.o(.ARM.Collect$$libinit$$00000011)
    .ARM.Collect$$libinit$$00000013          0x0800027c   Section        0  libinit2.o(.ARM.Collect$$libinit$$00000013)
    .ARM.Collect$$libinit$$00000014          0x0800027c   Section       12  libinit2.o(.ARM.Collect$$libinit$$00000014)
    .ARM.Collect$$libinit$$00000015          0x08000288   Section        0  libinit2.o(.ARM.Collect$$libinit$$00000015)
    .ARM.Collect$$libinit$$00000017          0x08000288   Section        0  libinit2.o(.ARM.Collect$$libinit$$00000017)
    .ARM.Collect$$libinit$$00000019          0x08000288   Section        0  libinit2.o(.ARM.Collect$$libinit$$00000019)
    .ARM.Collect$$libinit$$0000001B          0x08000288   Section        0  libinit2.o(.ARM.Collect$$libinit$$0000001B)
    .ARM.Collect$$libinit$$0000001D          0x08000288   Section        0  libinit2.o(.ARM.Collect$$libinit$$0000001D)
    .ARM.Collect$$libinit$$0000001F          0x08000288   Section        0  libinit2.o(.ARM.Collect$$libinit$$0000001F)
    .ARM.Collect$$libinit$$00000021          0x08000288   Section        0  libinit2.o(.ARM.Collect$$libinit$$00000021)
    .ARM.Collect$$libinit$$00000023          0x08000288   Section        0  libinit2.o(.ARM.Collect$$libinit$$00000023)
    .ARM.Collect$$libinit$$00000025          0x08000288   Section        0  libinit2.o(.ARM.Collect$$libinit$$00000025)
    .ARM.Collect$$libinit$$00000027          0x08000288   Section        0  libinit2.o(.ARM.Collect$$libinit$$00000027)
    .ARM.Collect$$libinit$$0000002E          0x08000288   Section        0  libinit2.o(.ARM.Collect$$libinit$$0000002E)
    .ARM.Collect$$libinit$$00000030          0x08000288   Section        0  libinit2.o(.ARM.Collect$$libinit$$00000030)
    .ARM.Collect$$libinit$$00000032          0x08000288   Section        0  libinit2.o(.ARM.Collect$$libinit$$00000032)
    .ARM.Collect$$libinit$$00000034          0x08000288   Section        0  libinit2.o(.ARM.Collect$$libinit$$00000034)
    .ARM.Collect$$libinit$$00000035          0x08000288   Section        2  libinit2.o(.ARM.Collect$$libinit$$00000035)
    .ARM.Collect$$libshutdown$$00000000      0x0800028a   Section        2  libshutdown.o(.ARM.Collect$$libshutdown$$00000000)
    .ARM.Collect$$libshutdown$$00000002      0x0800028c   Section        0  libshutdown2.o(.ARM.Collect$$libshutdown$$00000002)
    .ARM.Collect$$libshutdown$$00000004      0x0800028c   Section        0  libshutdown2.o(.ARM.Collect$$libshutdown$$00000004)
    .ARM.Collect$$libshutdown$$00000007      0x0800028c   Section        0  libshutdown2.o(.ARM.Collect$$libshutdown$$00000007)
    .ARM.Collect$$libshutdown$$0000000A      0x0800028c   Section        0  libshutdown2.o(.ARM.Collect$$libshutdown$$0000000A)
    .ARM.Collect$$libshutdown$$0000000C      0x0800028c   Section        0  libshutdown2.o(.ARM.Collect$$libshutdown$$0000000C)
    .ARM.Collect$$libshutdown$$0000000F      0x0800028c   Section        0  libshutdown2.o(.ARM.Collect$$libshutdown$$0000000F)
    .ARM.Collect$$libshutdown$$00000010      0x0800028c   Section        2  libshutdown2.o(.ARM.Collect$$libshutdown$$00000010)
    .ARM.Collect$$rtentry$$00000000          0x0800028e   Section        0  __rtentry.o(.ARM.Collect$$rtentry$$00000000)
    .ARM.Collect$$rtentry$$00000002          0x0800028e   Section        0  __rtentry2.o(.ARM.Collect$$rtentry$$00000002)
    .ARM.Collect$$rtentry$$00000004          0x0800028e   Section        6  __rtentry4.o(.ARM.Collect$$rtentry$$00000004)
    .ARM.Collect$$rtentry$$00000009          0x08000294   Section        0  __rtentry2.o(.ARM.Collect$$rtentry$$00000009)
    .ARM.Collect$$rtentry$$0000000A          0x08000294   Section        4  __rtentry2.o(.ARM.Collect$$rtentry$$0000000A)
    .ARM.Collect$$rtentry$$0000000C          0x08000298   Section        0  __rtentry2.o(.ARM.Collect$$rtentry$$0000000C)
    .ARM.Collect$$rtentry$$0000000D          0x08000298   Section        8  __rtentry2.o(.ARM.Collect$$rtentry$$0000000D)
    .ARM.Collect$$rtexit$$00000000           0x080002a0   Section        2  rtexit.o(.ARM.Collect$$rtexit$$00000000)
    .ARM.Collect$$rtexit$$00000002           0x080002a2   Section        0  rtexit2.o(.ARM.Collect$$rtexit$$00000002)
    .ARM.Collect$$rtexit$$00000003           0x080002a2   Section        4  rtexit2.o(.ARM.Collect$$rtexit$$00000003)
    .ARM.Collect$$rtexit$$00000004           0x080002a6   Section        6  rtexit2.o(.ARM.Collect$$rtexit$$00000004)
    $v0                                      0x080002ac   Number         0  startup_stm32f411xe.o(.text)
    .text                                    0x080002ac   Section       64  startup_stm32f411xe.o(.text)
    .text                                    0x080002ec   Section      240  lludivv7m.o(.text)
    .text                                    0x080003dc   Section        0  noretval__2sprintf.o(.text)
    .text                                    0x08000404   Section        0  _printf_pad.o(.text)
    .text                                    0x08000452   Section        0  _printf_truncate.o(.text)
    .text                                    0x08000476   Section        0  _printf_str.o(.text)
    .text                                    0x080004c8   Section        0  _printf_dec.o(.text)
    .text                                    0x08000540   Section        0  _printf_wctomb.o(.text)
    .text                                    0x080005fc   Section        0  _printf_oct_int.o(.text)
    .text                                    0x08000650   Section        0  _printf_hex_int.o(.text)
    .text                                    0x080006a8   Section        0  __printf_flags_ss_wp.o(.text)
    .text                                    0x08000830   Section        0  strlen.o(.text)
    .text                                    0x0800086e   Section       78  rt_memclr_w.o(.text)
    .text                                    0x080008bc   Section        0  heapauxi.o(.text)
    .text                                    0x080008c2   Section        0  _printf_intcommon.o(.text)
    _printf_input_char                       0x08000975   Thumb Code    10  _printf_char_common.o(.text)
    .text                                    0x08000974   Section        0  _printf_char_common.o(.text)
    .text                                    0x080009a4   Section        0  _sputc.o(.text)
    .text                                    0x080009ae   Section        0  _printf_char.o(.text)
    .text                                    0x080009da   Section        0  _printf_wchar.o(.text)
    .text                                    0x08000a06   Section        0  _c16rtomb.o(.text)
    .text                                    0x08000a50   Section       16  rt_ctype_table.o(.text)
    .text                                    0x08000a60   Section       74  sys_stackheap_outer.o(.text)
    .text                                    0x08000aac   Section        8  rt_locale_intlibspace.o(.text)
    .text                                    0x08000ab4   Section        0  exit.o(.text)
    .text                                    0x08000ac8   Section        8  libspace.o(.text)
    .text                                    0x08000ad0   Section      124  strcmpv7em.o(.text)
    .text                                    0x08000b4c   Section        0  sys_exit.o(.text)
    .text                                    0x08000b58   Section        2  use_no_semi.o(.text)
    .text                                    0x08000b5a   Section        0  indicate_semi.o(.text)
    [Anonymous Symbol]                       0x08000b5c   Section        0  stm32f4xx_it.o(.text.ADC_IRQHandler)
    [Anonymous Symbol]                       0x08000b68   Section        0  stm32f4xx_it.o(.text.BusFault_Handler)
    [Anonymous Symbol]                       0x08000b6c   Section        0  stm32f4xx_it.o(.text.DebugMon_Handler)
    [Anonymous Symbol]                       0x08000b70   Section        0  stm32f4xx_it.o(.text.EXTI0_IRQHandler)
    [Anonymous Symbol]                       0x08000b78   Section        0  myservo.o(.text.FSet_Angle)
    [Anonymous Symbol]                       0x08000be8   Section        0  myservo.o(.text.FSet_Range)
    [Anonymous Symbol]                       0x08000bf8   Section        0  stm32f4xx_hal_adc_ex.o(.text.HAL_ADCEx_InjectedConvCpltCallback)
    [Anonymous Symbol]                       0x08000bfc   Section        0  stm32f4xx_hal_adc.o(.text.HAL_ADC_AnalogWDGConfig)
    [Anonymous Symbol]                       0x08000c64   Section        0  stm32f4xx_hal_adc.o(.text.HAL_ADC_ConfigChannel)
    [Anonymous Symbol]                       0x08000dc8   Section        0  main.o(.text.HAL_ADC_ConvCpltCallback)
    [Anonymous Symbol]                       0x08000e80   Section        0  stm32f4xx_hal_adc.o(.text.HAL_ADC_ErrorCallback)
    [Anonymous Symbol]                       0x08000e84   Section        0  stm32f4xx_hal_adc.o(.text.HAL_ADC_GetValue)
    [Anonymous Symbol]                       0x08000e8c   Section        0  stm32f4xx_hal_adc.o(.text.HAL_ADC_IRQHandler)
    [Anonymous Symbol]                       0x08000fc4   Section        0  stm32f4xx_hal_adc.o(.text.HAL_ADC_Init)
    [Anonymous Symbol]                       0x08001120   Section        0  main.o(.text.HAL_ADC_LevelOutOfWindowCallback)
    [Anonymous Symbol]                       0x08001148   Section        0  stm32f4xx_hal_msp.o(.text.HAL_ADC_MspInit)
    [Anonymous Symbol]                       0x080011ec   Section        0  stm32f4xx_hal_adc.o(.text.HAL_ADC_Start_IT)
    [Anonymous Symbol]                       0x08001314   Section        0  stm32f4xx_hal_adc.o(.text.HAL_ADC_Stop_IT)
    [Anonymous Symbol]                       0x08001354   Section        0  stm32f4xx_hal.o(.text.HAL_Delay)
    [Anonymous Symbol]                       0x0800137c   Section        0  main.o(.text.HAL_GPIO_EXTI_Callback)
    [Anonymous Symbol]                       0x080013b4   Section        0  stm32f4xx_hal_gpio.o(.text.HAL_GPIO_EXTI_IRQHandler)
    [Anonymous Symbol]                       0x080013cc   Section        0  stm32f4xx_hal_gpio.o(.text.HAL_GPIO_Init)
    [Anonymous Symbol]                       0x0800156c   Section        0  stm32f4xx_hal_gpio.o(.text.HAL_GPIO_ReadPin)
    [Anonymous Symbol]                       0x08001578   Section        0  stm32f4xx_hal_gpio.o(.text.HAL_GPIO_WritePin)
    [Anonymous Symbol]                       0x08001584   Section        0  stm32f4xx_hal.o(.text.HAL_GetTick)
    [Anonymous Symbol]                       0x08001590   Section        0  stm32f4xx_hal_i2c.o(.text.HAL_I2C_Init)
    [Anonymous Symbol]                       0x080016f4   Section        0  stm32f4xx_hal_i2c.o(.text.HAL_I2C_Master_Transmit)
    [Anonymous Symbol]                       0x080018d0   Section        0  stm32f4xx_hal_msp.o(.text.HAL_I2C_MspInit)
    [Anonymous Symbol]                       0x08001948   Section        0  stm32f4xx_hal.o(.text.HAL_IncTick)
    [Anonymous Symbol]                       0x08001964   Section        0  stm32f4xx_hal.o(.text.HAL_Init)
    [Anonymous Symbol]                       0x0800199c   Section        0  stm32f4xx_hal.o(.text.HAL_InitTick)
    [Anonymous Symbol]                       0x080019e4   Section        0  stm32f4xx_hal_msp.o(.text.HAL_MspInit)
    [Anonymous Symbol]                       0x08001a20   Section        0  stm32f4xx_hal_cortex.o(.text.HAL_NVIC_EnableIRQ)
    [Anonymous Symbol]                       0x08001a44   Section        0  stm32f4xx_hal_cortex.o(.text.HAL_NVIC_SetPriority)
    [Anonymous Symbol]                       0x08001a9c   Section        0  stm32f4xx_hal_cortex.o(.text.HAL_NVIC_SetPriorityGrouping)
    [Anonymous Symbol]                       0x08001abc   Section        0  stm32f4xx_hal_rcc.o(.text.HAL_RCC_ClockConfig)
    [Anonymous Symbol]                       0x08001c20   Section        0  stm32f4xx_hal_rcc.o(.text.HAL_RCC_GetPCLK1Freq)
    [Anonymous Symbol]                       0x08001c48   Section        0  stm32f4xx_hal_rcc.o(.text.HAL_RCC_GetPCLK2Freq)
    [Anonymous Symbol]                       0x08001c70   Section        0  stm32f4xx_hal_rcc.o(.text.HAL_RCC_GetSysClockFreq)
    [Anonymous Symbol]                       0x08001ce0   Section        0  stm32f4xx_hal_rcc.o(.text.HAL_RCC_OscConfig)
    [Anonymous Symbol]                       0x0800208c   Section        0  stm32f4xx_hal_cortex.o(.text.HAL_SYSTICK_Config)
    [Anonymous Symbol]                       0x080020b8   Section        0  stm32f4xx_hal_tim_ex.o(.text.HAL_TIMEx_BreakCallback)
    [Anonymous Symbol]                       0x080020bc   Section        0  stm32f4xx_hal_tim_ex.o(.text.HAL_TIMEx_CommutCallback)
    [Anonymous Symbol]                       0x080020c0   Section        0  stm32f4xx_hal_tim_ex.o(.text.HAL_TIMEx_ConfigBreakDeadTime)
    [Anonymous Symbol]                       0x0800210c   Section        0  stm32f4xx_hal_tim_ex.o(.text.HAL_TIMEx_MasterConfigSynchronization)
    [Anonymous Symbol]                       0x080021a0   Section        0  stm32f4xx_hal_tim.o(.text.HAL_TIM_Base_Init)
    [Anonymous Symbol]                       0x080021fc   Section        0  stm32f4xx_hal_msp.o(.text.HAL_TIM_Base_MspInit)
    [Anonymous Symbol]                       0x08002244   Section        0  stm32f4xx_hal_tim.o(.text.HAL_TIM_Base_Start_IT)
    [Anonymous Symbol]                       0x080022c8   Section        0  stm32f4xx_hal_tim.o(.text.HAL_TIM_ConfigClockSource)
    [Anonymous Symbol]                       0x08002468   Section        0  stm32f4xx_hal_tim.o(.text.HAL_TIM_IC_CaptureCallback)
    [Anonymous Symbol]                       0x0800246c   Section        0  stm32f4xx_hal_tim.o(.text.HAL_TIM_IRQHandler)
    [Anonymous Symbol]                       0x080025bc   Section        0  stm32f4xx_hal_msp.o(.text.HAL_TIM_MspPostInit)
    [Anonymous Symbol]                       0x08002618   Section        0  stm32f4xx_hal_tim.o(.text.HAL_TIM_OC_DelayElapsedCallback)
    [Anonymous Symbol]                       0x0800261c   Section        0  stm32f4xx_hal_tim.o(.text.HAL_TIM_PWM_ConfigChannel)
    [Anonymous Symbol]                       0x08002818   Section        0  stm32f4xx_hal_tim.o(.text.HAL_TIM_PWM_Init)
    [Anonymous Symbol]                       0x08002874   Section        0  stm32f4xx_hal_tim.o(.text.HAL_TIM_PWM_MspInit)
    [Anonymous Symbol]                       0x08002878   Section        0  stm32f4xx_hal_tim.o(.text.HAL_TIM_PWM_PulseFinishedCallback)
    [Anonymous Symbol]                       0x0800287c   Section        0  stm32f4xx_hal_tim.o(.text.HAL_TIM_PWM_Start)
    [Anonymous Symbol]                       0x0800296c   Section        0  main.o(.text.HAL_TIM_PeriodElapsedCallback)
    [Anonymous Symbol]                       0x08002a0c   Section        0  stm32f4xx_hal_tim.o(.text.HAL_TIM_TriggerCallback)
    [Anonymous Symbol]                       0x08002a10   Section        0  stm32f4xx_hal_uart.o(.text.HAL_UART_Init)
    [Anonymous Symbol]                       0x08002a70   Section        0  stm32f4xx_hal_msp.o(.text.HAL_UART_MspInit)
    [Anonymous Symbol]                       0x08002ae4   Section        0  stm32f4xx_hal_uart.o(.text.HAL_UART_Transmit)
    [Anonymous Symbol]                       0x08002c78   Section        0  stm32f4xx_it.o(.text.HardFault_Handler)
    I2C_WaitOnBTFFlagUntilTimeout            0x08002c7d   Thumb Code   186  stm32f4xx_hal_i2c.o(.text.I2C_WaitOnBTFFlagUntilTimeout)
    [Anonymous Symbol]                       0x08002c7c   Section        0  stm32f4xx_hal_i2c.o(.text.I2C_WaitOnBTFFlagUntilTimeout)
    I2C_WaitOnFlagUntilTimeout               0x08002d39   Thumb Code   458  stm32f4xx_hal_i2c.o(.text.I2C_WaitOnFlagUntilTimeout)
    [Anonymous Symbol]                       0x08002d38   Section        0  stm32f4xx_hal_i2c.o(.text.I2C_WaitOnFlagUntilTimeout)
    I2C_WaitOnMasterAddressFlagUntilTimeout  0x08002f05   Thumb Code   214  stm32f4xx_hal_i2c.o(.text.I2C_WaitOnMasterAddressFlagUntilTimeout)
    [Anonymous Symbol]                       0x08002f04   Section        0  stm32f4xx_hal_i2c.o(.text.I2C_WaitOnMasterAddressFlagUntilTimeout)
    I2C_WaitOnTXEFlagUntilTimeout            0x08002fdd   Thumb Code   186  stm32f4xx_hal_i2c.o(.text.I2C_WaitOnTXEFlagUntilTimeout)
    [Anonymous Symbol]                       0x08002fdc   Section        0  stm32f4xx_hal_i2c.o(.text.I2C_WaitOnTXEFlagUntilTimeout)
    [Anonymous Symbol]                       0x08003098   Section        0  stm32f4xx_it.o(.text.MemManage_Handler)
    [Anonymous Symbol]                       0x0800309c   Section        0  stm32f4xx_it.o(.text.NMI_Handler)
    [Anonymous Symbol]                       0x080030a0   Section        0  stm32f4xx_it.o(.text.PendSV_Handler)
    [Anonymous Symbol]                       0x080030a4   Section        0  main.o(.text.Print_Value)
    [Anonymous Symbol]                       0x08003188   Section        0  stm32f4xx_it.o(.text.SVC_Handler)
    [Anonymous Symbol]                       0x0800318c   Section        0  stm32f4xx_it.o(.text.SysTick_Handler)
    [Anonymous Symbol]                       0x08003190   Section        0  main.o(.text.SystemClock_Config)
    [Anonymous Symbol]                       0x08003234   Section        0  system_stm32f4xx.o(.text.SystemInit)
    [Anonymous Symbol]                       0x08003248   Section        0  stm32f4xx_it.o(.text.TIM1_UP_TIM10_IRQHandler)
    [Anonymous Symbol]                       0x08003254   Section        0  stm32f4xx_hal_tim.o(.text.TIM_Base_SetConfig)
    UART_SetConfig                           0x0800334d   Thumb Code   230  stm32f4xx_hal_uart.o(.text.UART_SetConfig)
    [Anonymous Symbol]                       0x0800334c   Section        0  stm32f4xx_hal_uart.o(.text.UART_SetConfig)
    [Anonymous Symbol]                       0x08003434   Section        0  stm32f4xx_it.o(.text.UsageFault_Handler)
    [Anonymous Symbol]                       0x08003438   Section        0  myservo.o(.text.init_Servo)
    [Anonymous Symbol]                       0x0800345c   Section        0  my_1602.o(.text.lcd_create_char)
    [Anonymous Symbol]                       0x08003638   Section        0  my_1602.o(.text.lcd_init)
    [Anonymous Symbol]                       0x08003740   Section        0  my_1602.o(.text.lcd_replace_char)
    [Anonymous Symbol]                       0x080037e4   Section        0  my_1602.o(.text.lcd_send_string)
    [Anonymous Symbol]                       0x08003844   Section        0  my_1602.o(.text.lcd_set_cursor)
    [Anonymous Symbol]                       0x08003898   Section        0  main.o(.text.main)
    i._is_digit                              0x08003eb0   Section        0  __printf_wp.o(i._is_digit)
    locale$$code                             0x08003ec0   Section       44  lc_ctype_c.o(locale$$code)
    $v0                                      0x08003eec   Number         0  fpinit.o(x$fpl$fpinit)
    x$fpl$fpinit                             0x08003eec   Section       26  fpinit.o(x$fpl$fpinit)
    initial_mbstate                          0x08003f08   Data           8  _printf_wctomb.o(.constdata)
    .constdata                               0x08003f08   Section        8  _printf_wctomb.o(.constdata)
    uc_hextab                                0x08003f10   Data          20  _printf_hex_int.o(.constdata)
    .constdata                               0x08003f10   Section       40  _printf_hex_int.o(.constdata)
    lc_hextab                                0x08003f24   Data          20  _printf_hex_int.o(.constdata)
    maptable                                 0x08003f38   Data          17  __printf_flags_ss_wp.o(.constdata)
    .constdata                               0x08003f38   Section       17  __printf_flags_ss_wp.o(.constdata)
    .L__const.lcd_set_cursor.row_offsets     0x08003f72   Data           4  my_1602.o(.rodata.cst4)
    [Anonymous Symbol]                       0x08003f76   Section        0  main.o(.rodata.str1.1)
    .L.str                                   0x08003fb6   Data           5  main.o(.rodata.str1.1)
    locale$$data                             0x08003fe0   Section      272  lc_ctype_c.o(locale$$data)
    __lcctype_c_name                         0x08003fe4   Data           2  lc_ctype_c.o(locale$$data)
    __lcctype_c_start                        0x08003fec   Data           0  lc_ctype_c.o(locale$$data)
    __lcctype_c_end                          0x080040f0   Data           0  lc_ctype_c.o(locale$$data)
    .L_MergedGlobals                         0x20000000   Data          48  main.o(.data..L_MergedGlobals)
    [Anonymous Symbol]                       0x20000000   Section        0  main.o(.data..L_MergedGlobals)
    .L_MergedGlobals                         0x20000030   Data           8  stm32f4xx_hal.o(.data..L_MergedGlobals)
    [Anonymous Symbol]                       0x20000030   Section        0  stm32f4xx_hal.o(.data..L_MergedGlobals)
    .bss                                     0x20000040   Section       96  libspace.o(.bss)
    .L_MergedGlobals.14                      0x200000a0   Data          92  main.o(.bss..L_MergedGlobals.14)
    [Anonymous Symbol]                       0x200000a0   Section        0  main.o(.bss..L_MergedGlobals.14)
    lcd_i2c                                  0x20000228   Data           4  my_1602.o(.bss.lcd_i2c)
    [Anonymous Symbol]                       0x20000228   Section        0  my_1602.o(.bss.lcd_i2c)
    Heap_Mem                                 0x20000230   Data         512  startup_stm32f411xe.o(HEAP)
    HEAP                                     0x20000230   Section      512  startup_stm32f411xe.o(HEAP)
    Stack_Mem                                0x20000430   Data        1024  startup_stm32f411xe.o(STACK)
    STACK                                    0x20000430   Section     1024  startup_stm32f411xe.o(STACK)
    __initial_sp                             0x20000830   Data           0  startup_stm32f411xe.o(STACK)

    Global Symbols

    Symbol Name                              Value     Ov Type        Size  Object(Section)

    BuildAttributes$$THM_ISAv4$E$P$D$K$B$S$7EM$VFPi3$EXTD16$VFPS$VFMA$PE$A:L22UL41UL21$X:L11$S22US41US21$IEEE1$IW$~IW$USESV6$~STKCKD$USESV7$~SHL$OTIME$ROPI$EBA8$UX$STANDARDLIB$REQ8$PRES8$EABIv2 0x00000000   Number         0  anon$$obj.o ABSOLUTE
    _printf_flags                            0x00000000   Number         0  printf_stubs.o ABSOLUTE
    _printf_return_value                     0x00000000   Number         0  printf_stubs.o ABSOLUTE
    _printf_sizespec                         0x00000000   Number         0  printf_stubs.o ABSOLUTE
    _printf_widthprec                        0x00000000   Number         0  printf_stubs.o ABSOLUTE
    __ARM_exceptions_init                     - Undefined Weak Reference
    __alloca_initialize                       - Undefined Weak Reference
    __arm_preinit_                            - Undefined Weak Reference
    __arm_relocate_pie_                       - Undefined Weak Reference
    __cpp_initialize__aeabi_                  - Undefined Weak Reference
    __cxa_finalize                            - Undefined Weak Reference
    __sigvec_lookup                           - Undefined Weak Reference
    _atexit_init                              - Undefined Weak Reference
    _call_atexit_fns                          - Undefined Weak Reference
    _clock_init                               - Undefined Weak Reference
    _fp_trap_init                             - Undefined Weak Reference
    _fp_trap_shutdown                         - Undefined Weak Reference
    _get_lc_collate                           - Undefined Weak Reference
    _get_lc_monetary                          - Undefined Weak Reference
    _get_lc_numeric                           - Undefined Weak Reference
    _get_lc_time                              - Undefined Weak Reference
    _getenv_init                              - Undefined Weak Reference
    _handle_redirection                       - Undefined Weak Reference
    _init_alloc                               - Undefined Weak Reference
    _init_user_alloc                          - Undefined Weak Reference
    _initio                                   - Undefined Weak Reference
    _printf_mbtowc                            - Undefined Weak Reference
    _printf_wc                                - Undefined Weak Reference
    _rand_init                                - Undefined Weak Reference
    _signal_finish                            - Undefined Weak Reference
    _signal_init                              - Undefined Weak Reference
    _terminate_alloc                          - Undefined Weak Reference
    _terminate_user_alloc                     - Undefined Weak Reference
    _terminateio                              - Undefined Weak Reference
    __Vectors_Size                           0x00000198   Number         0  startup_stm32f411xe.o ABSOLUTE
    __Vectors                                0x08000000   Data           4  startup_stm32f411xe.o(RESET)
    __Vectors_End                            0x08000198   Data           0  startup_stm32f411xe.o(RESET)
    __main                                   0x08000199   Thumb Code     8  __main.o(!!!main)
    __scatterload                            0x080001a1   Thumb Code     0  __scatter.o(!!!scatter)
    __scatterload_rt2                        0x080001a1   Thumb Code    84  __scatter.o(!!!scatter)
    __scatterload_rt2_thumb_only             0x080001a1   Thumb Code     0  __scatter.o(!!!scatter)
    __scatterload_loop                       0x080001ab   Thumb Code     0  __scatter.o(!!!scatter)
    __scatterload_copy                       0x080001fd   Thumb Code    26  __scatter_copy.o(!!handler_copy)
    __scatterload_null                       0x08000219   Thumb Code     2  __scatter.o(!!handler_null)
    __scatterload_zeroinit                   0x0800021d   Thumb Code    28  __scatter_zi.o(!!handler_zi)
    _printf_i                                0x08000239   Thumb Code     0  _printf_i.o(.ARM.Collect$$_printf_percent$$00000008)
    _printf_percent                          0x08000239   Thumb Code     0  _printf_percent.o(.ARM.Collect$$_printf_percent$$00000000)
    _printf_d                                0x0800023f   Thumb Code     0  _printf_d.o(.ARM.Collect$$_printf_percent$$00000009)
    _printf_u                                0x08000245   Thumb Code     0  _printf_u.o(.ARM.Collect$$_printf_percent$$0000000A)
    _printf_o                                0x0800024b   Thumb Code     0  _printf_o.o(.ARM.Collect$$_printf_percent$$0000000B)
    _printf_x                                0x08000251   Thumb Code     0  _printf_x.o(.ARM.Collect$$_printf_percent$$0000000C)
    _printf_l                                0x08000257   Thumb Code     0  _printf_l.o(.ARM.Collect$$_printf_percent$$00000012)
    _printf_c                                0x08000261   Thumb Code     0  _printf_c.o(.ARM.Collect$$_printf_percent$$00000013)
    _printf_lc                               0x08000267   Thumb Code     0  _printf_lc.o(.ARM.Collect$$_printf_percent$$00000015)
    _printf_percent_end                      0x0800026d   Thumb Code     0  _printf_percent_end.o(.ARM.Collect$$_printf_percent$$00000017)
    __rt_lib_init                            0x08000271   Thumb Code     0  libinit.o(.ARM.Collect$$libinit$$00000000)
    __rt_lib_init_fp_1                       0x08000273   Thumb Code     0  libinit2.o(.ARM.Collect$$libinit$$00000001)
    __rt_lib_init_heap_1                     0x08000277   Thumb Code     0  libinit2.o(.ARM.Collect$$libinit$$0000000C)
    __rt_lib_init_lc_common                  0x08000277   Thumb Code     0  libinit2.o(.ARM.Collect$$libinit$$00000011)
    __rt_lib_init_preinit_1                  0x08000277   Thumb Code     0  libinit2.o(.ARM.Collect$$libinit$$00000006)
    __rt_lib_init_rand_1                     0x08000277   Thumb Code     0  libinit2.o(.ARM.Collect$$libinit$$00000010)
    __rt_lib_init_relocate_pie_1             0x08000277   Thumb Code     0  libinit2.o(.ARM.Collect$$libinit$$00000004)
    __rt_lib_init_user_alloc_1               0x08000277   Thumb Code     0  libinit2.o(.ARM.Collect$$libinit$$0000000E)
    __rt_lib_init_lc_collate_1               0x0800027d   Thumb Code     0  libinit2.o(.ARM.Collect$$libinit$$00000013)
    __rt_lib_init_lc_ctype_2                 0x0800027d   Thumb Code     0  libinit2.o(.ARM.Collect$$libinit$$00000014)
    __rt_lib_init_alloca_1                   0x08000289   Thumb Code     0  libinit2.o(.ARM.Collect$$libinit$$00000030)
    __rt_lib_init_argv_1                     0x08000289   Thumb Code     0  libinit2.o(.ARM.Collect$$libinit$$0000002E)
    __rt_lib_init_atexit_1                   0x08000289   Thumb Code     0  libinit2.o(.ARM.Collect$$libinit$$0000001D)
    __rt_lib_init_clock_1                    0x08000289   Thumb Code     0  libinit2.o(.ARM.Collect$$libinit$$00000023)
    __rt_lib_init_cpp_1                      0x08000289   Thumb Code     0  libinit2.o(.ARM.Collect$$libinit$$00000034)
    __rt_lib_init_exceptions_1               0x08000289   Thumb Code     0  libinit2.o(.ARM.Collect$$libinit$$00000032)
    __rt_lib_init_fp_trap_1                  0x08000289   Thumb Code     0  libinit2.o(.ARM.Collect$$libinit$$00000021)
    __rt_lib_init_getenv_1                   0x08000289   Thumb Code     0  libinit2.o(.ARM.Collect$$libinit$$00000025)
    __rt_lib_init_lc_ctype_1                 0x08000289   Thumb Code     0  libinit2.o(.ARM.Collect$$libinit$$00000015)
    __rt_lib_init_lc_monetary_1              0x08000289   Thumb Code     0  libinit2.o(.ARM.Collect$$libinit$$00000017)
    __rt_lib_init_lc_numeric_1               0x08000289   Thumb Code     0  libinit2.o(.ARM.Collect$$libinit$$00000019)
    __rt_lib_init_lc_time_1                  0x08000289   Thumb Code     0  libinit2.o(.ARM.Collect$$libinit$$0000001B)
    __rt_lib_init_return                     0x08000289   Thumb Code     0  libinit2.o(.ARM.Collect$$libinit$$00000035)
    __rt_lib_init_signal_1                   0x08000289   Thumb Code     0  libinit2.o(.ARM.Collect$$libinit$$0000001F)
    __rt_lib_init_stdio_1                    0x08000289   Thumb Code     0  libinit2.o(.ARM.Collect$$libinit$$00000027)
    __rt_lib_shutdown                        0x0800028b   Thumb Code     0  libshutdown.o(.ARM.Collect$$libshutdown$$00000000)
    __rt_lib_shutdown_cpp_1                  0x0800028d   Thumb Code     0  libshutdown2.o(.ARM.Collect$$libshutdown$$00000002)
    __rt_lib_shutdown_fp_trap_1              0x0800028d   Thumb Code     0  libshutdown2.o(.ARM.Collect$$libshutdown$$00000007)
    __rt_lib_shutdown_heap_1                 0x0800028d   Thumb Code     0  libshutdown2.o(.ARM.Collect$$libshutdown$$0000000F)
    __rt_lib_shutdown_return                 0x0800028d   Thumb Code     0  libshutdown2.o(.ARM.Collect$$libshutdown$$00000010)
    __rt_lib_shutdown_signal_1               0x0800028d   Thumb Code     0  libshutdown2.o(.ARM.Collect$$libshutdown$$0000000A)
    __rt_lib_shutdown_stdio_1                0x0800028d   Thumb Code     0  libshutdown2.o(.ARM.Collect$$libshutdown$$00000004)
    __rt_lib_shutdown_user_alloc_1           0x0800028d   Thumb Code     0  libshutdown2.o(.ARM.Collect$$libshutdown$$0000000C)
    __rt_entry                               0x0800028f   Thumb Code     0  __rtentry.o(.ARM.Collect$$rtentry$$00000000)
    __rt_entry_presh_1                       0x0800028f   Thumb Code     0  __rtentry2.o(.ARM.Collect$$rtentry$$00000002)
    __rt_entry_sh                            0x0800028f   Thumb Code     0  __rtentry4.o(.ARM.Collect$$rtentry$$00000004)
    __rt_entry_li                            0x08000295   Thumb Code     0  __rtentry2.o(.ARM.Collect$$rtentry$$0000000A)
    __rt_entry_postsh_1                      0x08000295   Thumb Code     0  __rtentry2.o(.ARM.Collect$$rtentry$$00000009)
    __rt_entry_main                          0x08000299   Thumb Code     0  __rtentry2.o(.ARM.Collect$$rtentry$$0000000D)
    __rt_entry_postli_1                      0x08000299   Thumb Code     0  __rtentry2.o(.ARM.Collect$$rtentry$$0000000C)
    __rt_exit                                0x080002a1   Thumb Code     0  rtexit.o(.ARM.Collect$$rtexit$$00000000)
    __rt_exit_ls                             0x080002a3   Thumb Code     0  rtexit2.o(.ARM.Collect$$rtexit$$00000003)
    __rt_exit_prels_1                        0x080002a3   Thumb Code     0  rtexit2.o(.ARM.Collect$$rtexit$$00000002)
    __rt_exit_exit                           0x080002a7   Thumb Code     0  rtexit2.o(.ARM.Collect$$rtexit$$00000004)
    Reset_Handler                            0x080002ad   Thumb Code     8  startup_stm32f411xe.o(.text)
    DMA1_Stream0_IRQHandler                  0x080002c7   Thumb Code     0  startup_stm32f411xe.o(.text)
    DMA1_Stream1_IRQHandler                  0x080002c7   Thumb Code     0  startup_stm32f411xe.o(.text)
    DMA1_Stream2_IRQHandler                  0x080002c7   Thumb Code     0  startup_stm32f411xe.o(.text)
    DMA1_Stream3_IRQHandler                  0x080002c7   Thumb Code     0  startup_stm32f411xe.o(.text)
    DMA1_Stream4_IRQHandler                  0x080002c7   Thumb Code     0  startup_stm32f411xe.o(.text)
    DMA1_Stream5_IRQHandler                  0x080002c7   Thumb Code     0  startup_stm32f411xe.o(.text)
    DMA1_Stream6_IRQHandler                  0x080002c7   Thumb Code     0  startup_stm32f411xe.o(.text)
    DMA1_Stream7_IRQHandler                  0x080002c7   Thumb Code     0  startup_stm32f411xe.o(.text)
    DMA2_Stream0_IRQHandler                  0x080002c7   Thumb Code     0  startup_stm32f411xe.o(.text)
    DMA2_Stream1_IRQHandler                  0x080002c7   Thumb Code     0  startup_stm32f411xe.o(.text)
    DMA2_Stream2_IRQHandler                  0x080002c7   Thumb Code     0  startup_stm32f411xe.o(.text)
    DMA2_Stream3_IRQHandler                  0x080002c7   Thumb Code     0  startup_stm32f411xe.o(.text)
    DMA2_Stream4_IRQHandler                  0x080002c7   Thumb Code     0  startup_stm32f411xe.o(.text)
    DMA2_Stream5_IRQHandler                  0x080002c7   Thumb Code     0  startup_stm32f411xe.o(.text)
    DMA2_Stream6_IRQHandler                  0x080002c7   Thumb Code     0  startup_stm32f411xe.o(.text)
    DMA2_Stream7_IRQHandler                  0x080002c7   Thumb Code     0  startup_stm32f411xe.o(.text)
    EXTI15_10_IRQHandler                     0x080002c7   Thumb Code     0  startup_stm32f411xe.o(.text)
    EXTI1_IRQHandler                         0x080002c7   Thumb Code     0  startup_stm32f411xe.o(.text)
    EXTI2_IRQHandler                         0x080002c7   Thumb Code     0  startup_stm32f411xe.o(.text)
    EXTI3_IRQHandler                         0x080002c7   Thumb Code     0  startup_stm32f411xe.o(.text)
    EXTI4_IRQHandler                         0x080002c7   Thumb Code     0  startup_stm32f411xe.o(.text)
    EXTI9_5_IRQHandler                       0x080002c7   Thumb Code     0  startup_stm32f411xe.o(.text)
    FLASH_IRQHandler                         0x080002c7   Thumb Code     0  startup_stm32f411xe.o(.text)
    FPU_IRQHandler                           0x080002c7   Thumb Code     0  startup_stm32f411xe.o(.text)
    I2C1_ER_IRQHandler                       0x080002c7   Thumb Code     0  startup_stm32f411xe.o(.text)
    I2C1_EV_IRQHandler                       0x080002c7   Thumb Code     0  startup_stm32f411xe.o(.text)
    I2C2_ER_IRQHandler                       0x080002c7   Thumb Code     0  startup_stm32f411xe.o(.text)
    I2C2_EV_IRQHandler                       0x080002c7   Thumb Code     0  startup_stm32f411xe.o(.text)
    I2C3_ER_IRQHandler                       0x080002c7   Thumb Code     0  startup_stm32f411xe.o(.text)
    I2C3_EV_IRQHandler                       0x080002c7   Thumb Code     0  startup_stm32f411xe.o(.text)
    OTG_FS_IRQHandler                        0x080002c7   Thumb Code     0  startup_stm32f411xe.o(.text)
    OTG_FS_WKUP_IRQHandler                   0x080002c7   Thumb Code     0  startup_stm32f411xe.o(.text)
    PVD_IRQHandler                           0x080002c7   Thumb Code     0  startup_stm32f411xe.o(.text)
    RCC_IRQHandler                           0x080002c7   Thumb Code     0  startup_stm32f411xe.o(.text)
    RTC_Alarm_IRQHandler                     0x080002c7   Thumb Code     0  startup_stm32f411xe.o(.text)
    RTC_WKUP_IRQHandler                      0x080002c7   Thumb Code     0  startup_stm32f411xe.o(.text)
    SDIO_IRQHandler                          0x080002c7   Thumb Code     0  startup_stm32f411xe.o(.text)
    SPI1_IRQHandler                          0x080002c7   Thumb Code     0  startup_stm32f411xe.o(.text)
    SPI2_IRQHandler                          0x080002c7   Thumb Code     0  startup_stm32f411xe.o(.text)
    SPI3_IRQHandler                          0x080002c7   Thumb Code     0  startup_stm32f411xe.o(.text)
    SPI4_IRQHandler                          0x080002c7   Thumb Code     0  startup_stm32f411xe.o(.text)
    SPI5_IRQHandler                          0x080002c7   Thumb Code     0  startup_stm32f411xe.o(.text)
    TAMP_STAMP_IRQHandler                    0x080002c7   Thumb Code     0  startup_stm32f411xe.o(.text)
    TIM1_BRK_TIM9_IRQHandler                 0x080002c7   Thumb Code     0  startup_stm32f411xe.o(.text)
    TIM1_CC_IRQHandler                       0x080002c7   Thumb Code     0  startup_stm32f411xe.o(.text)
    TIM1_TRG_COM_TIM11_IRQHandler            0x080002c7   Thumb Code     0  startup_stm32f411xe.o(.text)
    TIM2_IRQHandler                          0x080002c7   Thumb Code     0  startup_stm32f411xe.o(.text)
    TIM3_IRQHandler                          0x080002c7   Thumb Code     0  startup_stm32f411xe.o(.text)
    TIM4_IRQHandler                          0x080002c7   Thumb Code     0  startup_stm32f411xe.o(.text)
    TIM5_IRQHandler                          0x080002c7   Thumb Code     0  startup_stm32f411xe.o(.text)
    USART1_IRQHandler                        0x080002c7   Thumb Code     0  startup_stm32f411xe.o(.text)
    USART2_IRQHandler                        0x080002c7   Thumb Code     0  startup_stm32f411xe.o(.text)
    USART6_IRQHandler                        0x080002c7   Thumb Code     0  startup_stm32f411xe.o(.text)
    WWDG_IRQHandler                          0x080002c7   Thumb Code     0  startup_stm32f411xe.o(.text)
    __user_initial_stackheap                 0x080002c9   Thumb Code     0  startup_stm32f411xe.o(.text)
    __aeabi_uldivmod                         0x080002ed   Thumb Code     0  lludivv7m.o(.text)
    _ll_udiv                                 0x080002ed   Thumb Code   240  lludivv7m.o(.text)
    __2sprintf                               0x080003dd   Thumb Code    34  noretval__2sprintf.o(.text)
    _printf_pre_padding                      0x08000405   Thumb Code    44  _printf_pad.o(.text)
    _printf_post_padding                     0x08000431   Thumb Code    34  _printf_pad.o(.text)
    _printf_truncate_signed                  0x08000453   Thumb Code    18  _printf_truncate.o(.text)
    _printf_truncate_unsigned                0x08000465   Thumb Code    18  _printf_truncate.o(.text)
    _printf_str                              0x08000477   Thumb Code    82  _printf_str.o(.text)
    _printf_int_dec                          0x080004c9   Thumb Code   104  _printf_dec.o(.text)
    _printf_wctomb                           0x08000541   Thumb Code   182  _printf_wctomb.o(.text)
    _printf_int_oct                          0x080005fd   Thumb Code    74  _printf_oct_int.o(.text)
    _printf_longlong_oct                     0x080005fd   Thumb Code     0  _printf_oct_int.o(.text)
    _printf_int_hex                          0x08000651   Thumb Code    84  _printf_hex_int.o(.text)
    _printf_longlong_hex                     0x08000651   Thumb Code     0  _printf_hex_int.o(.text)
    __printf                                 0x080006a9   Thumb Code   388  __printf_flags_ss_wp.o(.text)
    strlen                                   0x08000831   Thumb Code    62  strlen.o(.text)
    __aeabi_memclr4                          0x0800086f   Thumb Code     0  rt_memclr_w.o(.text)
    __aeabi_memclr8                          0x0800086f   Thumb Code     0  rt_memclr_w.o(.text)
    __rt_memclr_w                            0x0800086f   Thumb Code     0  rt_memclr_w.o(.text)
    _memset_w                                0x08000873   Thumb Code    74  rt_memclr_w.o(.text)
    __use_two_region_memory                  0x080008bd   Thumb Code     2  heapauxi.o(.text)
    __rt_heap_escrow$2region                 0x080008bf   Thumb Code     2  heapauxi.o(.text)
    __rt_heap_expand$2region                 0x080008c1   Thumb Code     2  heapauxi.o(.text)
    _printf_int_common                       0x080008c3   Thumb Code   178  _printf_intcommon.o(.text)
    _printf_char_common                      0x0800097f   Thumb Code    32  _printf_char_common.o(.text)
    _sputc                                   0x080009a5   Thumb Code    10  _sputc.o(.text)
    _printf_cs_common                        0x080009af   Thumb Code    20  _printf_char.o(.text)
    _printf_char                             0x080009c3   Thumb Code    16  _printf_char.o(.text)
    _printf_string                           0x080009d3   Thumb Code     8  _printf_char.o(.text)
    _printf_lcs_common                       0x080009db   Thumb Code    20  _printf_wchar.o(.text)
    _printf_wchar                            0x080009ef   Thumb Code    16  _printf_wchar.o(.text)
    _printf_wstring                          0x080009ff   Thumb Code     8  _printf_wchar.o(.text)
    _c16rtomb                                0x08000a07   Thumb Code    72  _c16rtomb.o(.text)
    _wcrtomb                                 0x08000a07   Thumb Code     0  _c16rtomb.o(.text)
    __rt_ctype_table                         0x08000a51   Thumb Code    16  rt_ctype_table.o(.text)
    __user_setup_stackheap                   0x08000a61   Thumb Code    74  sys_stackheap_outer.o(.text)
    __rt_locale                              0x08000aad   Thumb Code     8  rt_locale_intlibspace.o(.text)
    exit                                     0x08000ab5   Thumb Code    18  exit.o(.text)
    __user_libspace                          0x08000ac9   Thumb Code     8  libspace.o(.text)
    __user_perproc_libspace                  0x08000ac9   Thumb Code     0  libspace.o(.text)
    __user_perthread_libspace                0x08000ac9   Thumb Code     0  libspace.o(.text)
    strcmp                                   0x08000ad1   Thumb Code   124  strcmpv7em.o(.text)
    _sys_exit                                0x08000b4d   Thumb Code     8  sys_exit.o(.text)
    __I$use$semihosting                      0x08000b59   Thumb Code     0  use_no_semi.o(.text)
    __use_no_semihosting_swi                 0x08000b59   Thumb Code     2  use_no_semi.o(.text)
    __semihosting_library_function           0x08000b5b   Thumb Code     0  indicate_semi.o(.text)
    ADC_IRQHandler                           0x08000b5d   Thumb Code    12  stm32f4xx_it.o(.text.ADC_IRQHandler)
    BusFault_Handler                         0x08000b69   Thumb Code     2  stm32f4xx_it.o(.text.BusFault_Handler)
    DebugMon_Handler                         0x08000b6d   Thumb Code     2  stm32f4xx_it.o(.text.DebugMon_Handler)
    EXTI0_IRQHandler                         0x08000b71   Thumb Code     6  stm32f4xx_it.o(.text.EXTI0_IRQHandler)
    FSet_Angle                               0x08000b79   Thumb Code   112  myservo.o(.text.FSet_Angle)
    FSet_Range                               0x08000be9   Thumb Code    14  myservo.o(.text.FSet_Range)
    HAL_ADCEx_InjectedConvCpltCallback       0x08000bf9   Thumb Code     2  stm32f4xx_hal_adc_ex.o(.text.HAL_ADCEx_InjectedConvCpltCallback)
    HAL_ADC_AnalogWDGConfig                  0x08000bfd   Thumb Code   102  stm32f4xx_hal_adc.o(.text.HAL_ADC_AnalogWDGConfig)
    HAL_ADC_ConfigChannel                    0x08000c65   Thumb Code   354  stm32f4xx_hal_adc.o(.text.HAL_ADC_ConfigChannel)
    HAL_ADC_ConvCpltCallback                 0x08000dc9   Thumb Code   182  main.o(.text.HAL_ADC_ConvCpltCallback)
    HAL_ADC_ErrorCallback                    0x08000e81   Thumb Code     2  stm32f4xx_hal_adc.o(.text.HAL_ADC_ErrorCallback)
    HAL_ADC_GetValue                         0x08000e85   Thumb Code     6  stm32f4xx_hal_adc.o(.text.HAL_ADC_GetValue)
    HAL_ADC_IRQHandler                       0x08000e8d   Thumb Code   310  stm32f4xx_hal_adc.o(.text.HAL_ADC_IRQHandler)
    HAL_ADC_Init                             0x08000fc5   Thumb Code   348  stm32f4xx_hal_adc.o(.text.HAL_ADC_Init)
    HAL_ADC_LevelOutOfWindowCallback         0x08001121   Thumb Code    38  main.o(.text.HAL_ADC_LevelOutOfWindowCallback)
    HAL_ADC_MspInit                          0x08001149   Thumb Code   162  stm32f4xx_hal_msp.o(.text.HAL_ADC_MspInit)
    HAL_ADC_Start_IT                         0x080011ed   Thumb Code   294  stm32f4xx_hal_adc.o(.text.HAL_ADC_Start_IT)
    HAL_ADC_Stop_IT                          0x08001315   Thumb Code    64  stm32f4xx_hal_adc.o(.text.HAL_ADC_Stop_IT)
    HAL_Delay                                0x08001355   Thumb Code    40  stm32f4xx_hal.o(.text.HAL_Delay)
    HAL_GPIO_EXTI_Callback                   0x0800137d   Thumb Code    54  main.o(.text.HAL_GPIO_EXTI_Callback)
    HAL_GPIO_EXTI_IRQHandler                 0x080013b5   Thumb Code    22  stm32f4xx_hal_gpio.o(.text.HAL_GPIO_EXTI_IRQHandler)
    HAL_GPIO_Init                            0x080013cd   Thumb Code   414  stm32f4xx_hal_gpio.o(.text.HAL_GPIO_Init)
    HAL_GPIO_ReadPin                         0x0800156d   Thumb Code    10  stm32f4xx_hal_gpio.o(.text.HAL_GPIO_ReadPin)
    HAL_GPIO_WritePin                        0x08001579   Thumb Code    10  stm32f4xx_hal_gpio.o(.text.HAL_GPIO_WritePin)
    HAL_GetTick                              0x08001585   Thumb Code    12  stm32f4xx_hal.o(.text.HAL_GetTick)
    HAL_I2C_Init                             0x08001591   Thumb Code   356  stm32f4xx_hal_i2c.o(.text.HAL_I2C_Init)
    HAL_I2C_Master_Transmit                  0x080016f5   Thumb Code   476  stm32f4xx_hal_i2c.o(.text.HAL_I2C_Master_Transmit)
    HAL_I2C_MspInit                          0x080018d1   Thumb Code   118  stm32f4xx_hal_msp.o(.text.HAL_I2C_MspInit)
    HAL_IncTick                              0x08001949   Thumb Code    26  stm32f4xx_hal.o(.text.HAL_IncTick)
    HAL_Init                                 0x08001965   Thumb Code    54  stm32f4xx_hal.o(.text.HAL_Init)
    HAL_InitTick                             0x0800199d   Thumb Code    72  stm32f4xx_hal.o(.text.HAL_InitTick)
    HAL_MspInit                              0x080019e5   Thumb Code    60  stm32f4xx_hal_msp.o(.text.HAL_MspInit)
    HAL_NVIC_EnableIRQ                       0x08001a21   Thumb Code    34  stm32f4xx_hal_cortex.o(.text.HAL_NVIC_EnableIRQ)
    HAL_NVIC_SetPriority                     0x08001a45   Thumb Code    86  stm32f4xx_hal_cortex.o(.text.HAL_NVIC_SetPriority)
    HAL_NVIC_SetPriorityGrouping             0x08001a9d   Thumb Code    32  stm32f4xx_hal_cortex.o(.text.HAL_NVIC_SetPriorityGrouping)
    HAL_RCC_ClockConfig                      0x08001abd   Thumb Code   356  stm32f4xx_hal_rcc.o(.text.HAL_RCC_ClockConfig)
    HAL_RCC_GetPCLK1Freq                     0x08001c21   Thumb Code    38  stm32f4xx_hal_rcc.o(.text.HAL_RCC_GetPCLK1Freq)
    HAL_RCC_GetPCLK2Freq                     0x08001c49   Thumb Code    38  stm32f4xx_hal_rcc.o(.text.HAL_RCC_GetPCLK2Freq)
    HAL_RCC_GetSysClockFreq                  0x08001c71   Thumb Code   112  stm32f4xx_hal_rcc.o(.text.HAL_RCC_GetSysClockFreq)
    HAL_RCC_OscConfig                        0x08001ce1   Thumb Code   940  stm32f4xx_hal_rcc.o(.text.HAL_RCC_OscConfig)
    HAL_SYSTICK_Config                       0x0800208d   Thumb Code    44  stm32f4xx_hal_cortex.o(.text.HAL_SYSTICK_Config)
    HAL_TIMEx_BreakCallback                  0x080020b9   Thumb Code     2  stm32f4xx_hal_tim_ex.o(.text.HAL_TIMEx_BreakCallback)
    HAL_TIMEx_CommutCallback                 0x080020bd   Thumb Code     2  stm32f4xx_hal_tim_ex.o(.text.HAL_TIMEx_CommutCallback)
    HAL_TIMEx_ConfigBreakDeadTime            0x080020c1   Thumb Code    76  stm32f4xx_hal_tim_ex.o(.text.HAL_TIMEx_ConfigBreakDeadTime)
    HAL_TIMEx_MasterConfigSynchronization    0x0800210d   Thumb Code   148  stm32f4xx_hal_tim_ex.o(.text.HAL_TIMEx_MasterConfigSynchronization)
    HAL_TIM_Base_Init                        0x080021a1   Thumb Code    90  stm32f4xx_hal_tim.o(.text.HAL_TIM_Base_Init)
    HAL_TIM_Base_MspInit                     0x080021fd   Thumb Code    70  stm32f4xx_hal_msp.o(.text.HAL_TIM_Base_MspInit)
    HAL_TIM_Base_Start_IT                    0x08002245   Thumb Code   132  stm32f4xx_hal_tim.o(.text.HAL_TIM_Base_Start_IT)
    HAL_TIM_ConfigClockSource                0x080022c9   Thumb Code   416  stm32f4xx_hal_tim.o(.text.HAL_TIM_ConfigClockSource)
    HAL_TIM_IC_CaptureCallback               0x08002469   Thumb Code     2  stm32f4xx_hal_tim.o(.text.HAL_TIM_IC_CaptureCallback)
    HAL_TIM_IRQHandler                       0x0800246d   Thumb Code   334  stm32f4xx_hal_tim.o(.text.HAL_TIM_IRQHandler)
    HAL_TIM_MspPostInit                      0x080025bd   Thumb Code    92  stm32f4xx_hal_msp.o(.text.HAL_TIM_MspPostInit)
    HAL_TIM_OC_DelayElapsedCallback          0x08002619   Thumb Code     2  stm32f4xx_hal_tim.o(.text.HAL_TIM_OC_DelayElapsedCallback)
    HAL_TIM_PWM_ConfigChannel                0x0800261d   Thumb Code   508  stm32f4xx_hal_tim.o(.text.HAL_TIM_PWM_ConfigChannel)
    HAL_TIM_PWM_Init                         0x08002819   Thumb Code    90  stm32f4xx_hal_tim.o(.text.HAL_TIM_PWM_Init)
    HAL_TIM_PWM_MspInit                      0x08002875   Thumb Code     2  stm32f4xx_hal_tim.o(.text.HAL_TIM_PWM_MspInit)
    HAL_TIM_PWM_PulseFinishedCallback        0x08002879   Thumb Code     2  stm32f4xx_hal_tim.o(.text.HAL_TIM_PWM_PulseFinishedCallback)
    HAL_TIM_PWM_Start                        0x0800287d   Thumb Code   240  stm32f4xx_hal_tim.o(.text.HAL_TIM_PWM_Start)
    HAL_TIM_PeriodElapsedCallback            0x0800296d   Thumb Code   144  main.o(.text.HAL_TIM_PeriodElapsedCallback)
    HAL_TIM_TriggerCallback                  0x08002a0d   Thumb Code     2  stm32f4xx_hal_tim.o(.text.HAL_TIM_TriggerCallback)
    HAL_UART_Init                            0x08002a11   Thumb Code    96  stm32f4xx_hal_uart.o(.text.HAL_UART_Init)
    HAL_UART_MspInit                         0x08002a71   Thumb Code   116  stm32f4xx_hal_msp.o(.text.HAL_UART_MspInit)
    HAL_UART_Transmit                        0x08002ae5   Thumb Code   402  stm32f4xx_hal_uart.o(.text.HAL_UART_Transmit)
    HardFault_Handler                        0x08002c79   Thumb Code     2  stm32f4xx_it.o(.text.HardFault_Handler)
    MemManage_Handler                        0x08003099   Thumb Code     2  stm32f4xx_it.o(.text.MemManage_Handler)
    NMI_Handler                              0x0800309d   Thumb Code     2  stm32f4xx_it.o(.text.NMI_Handler)
    PendSV_Handler                           0x080030a1   Thumb Code     2  stm32f4xx_it.o(.text.PendSV_Handler)
    Print_Value                              0x080030a5   Thumb Code   204  main.o(.text.Print_Value)
    SVC_Handler                              0x08003189   Thumb Code     2  stm32f4xx_it.o(.text.SVC_Handler)
    SysTick_Handler                          0x0800318d   Thumb Code     4  stm32f4xx_it.o(.text.SysTick_Handler)
    SystemClock_Config                       0x08003191   Thumb Code   164  main.o(.text.SystemClock_Config)
    SystemInit                               0x08003235   Thumb Code    18  system_stm32f4xx.o(.text.SystemInit)
    TIM1_UP_TIM10_IRQHandler                 0x08003249   Thumb Code    12  stm32f4xx_it.o(.text.TIM1_UP_TIM10_IRQHandler)
    TIM_Base_SetConfig                       0x08003255   Thumb Code   248  stm32f4xx_hal_tim.o(.text.TIM_Base_SetConfig)
    UsageFault_Handler                       0x08003435   Thumb Code     2  stm32f4xx_it.o(.text.UsageFault_Handler)
    init_Servo                               0x08003439   Thumb Code    34  myservo.o(.text.init_Servo)
    lcd_create_char                          0x0800345d   Thumb Code   474  my_1602.o(.text.lcd_create_char)
    lcd_init                                 0x08003639   Thumb Code   262  my_1602.o(.text.lcd_init)
    lcd_replace_char                         0x08003741   Thumb Code   162  my_1602.o(.text.lcd_replace_char)
    lcd_send_string                          0x080037e5   Thumb Code    94  my_1602.o(.text.lcd_send_string)
    lcd_set_cursor                           0x08003845   Thumb Code    82  my_1602.o(.text.lcd_set_cursor)
    main                                     0x08003899   Thumb Code  1560  main.o(.text.main)
    _is_digit                                0x08003eb1   Thumb Code    14  __printf_wp.o(i._is_digit)
    _get_lc_ctype                            0x08003ec1   Thumb Code    44  lc_ctype_c.o(locale$$code)
    _fp_init                                 0x08003eed   Thumb Code    26  fpinit.o(x$fpl$fpinit)
    __fplib_config_fpu_vfp                   0x08003f05   Thumb Code     0  fpinit.o(x$fpl$fpinit)
    __fplib_config_pureend_doubles           0x08003f05   Thumb Code     0  fpinit.o(x$fpl$fpinit)
    AHBPrescTable                            0x08003f49   Data          16  system_stm32f4xx.o(.rodata.AHBPrescTable)
    APBPrescTable                            0x08003f59   Data           8  system_stm32f4xx.o(.rodata.APBPrescTable)
    MAX                                      0x08003f62   Data           8  main.o(.rodata.MAX)
    MIN                                      0x08003f6a   Data           8  main.o(.rodata.MIN)
    Region$$Table$$Base                      0x08003fc0   Number         0  anon$$obj.o(Region$$Table)
    Region$$Table$$Limit                     0x08003fe0   Number         0  anon$$obj.o(Region$$Table)
    __ctype                                  0x08003fed   Data           0  lc_ctype_c.o(locale$$data)
    strLCDRain                               0x20000000   Data           8  main.o(.data..L_MergedGlobals)
    rainChar                                 0x20000008   Data           8  main.o(.data..L_MergedGlobals)
    strLCDSpeed                              0x20000010   Data           9  main.o(.data..L_MergedGlobals)
    speedStr                                 0x2000001c   Data          20  main.o(.data..L_MergedGlobals)
    uwTickFreq                               0x20000030   Data           1  stm32f4xx_hal.o(.data..L_MergedGlobals)
    uwTickPrio                               0x20000034   Data           4  stm32f4xx_hal.o(.data..L_MergedGlobals)
    SystemCoreClock                          0x20000038   Data           4  system_stm32f4xx.o(.data.SystemCoreClock)
    __libspace_start                         0x20000040   Data          96  libspace.o(.bss)
    __temporary_stack_top$libspace           0x200000a0   Data           0  libspace.o(.bss)
    current_channel                          0x200000a0   Data           1  main.o(.bss..L_MergedGlobals.14)
    joy_button                               0x200000a1   Data           1  main.o(.bss..L_MergedGlobals.14)
    iDirection                               0x200000a2   Data           1  main.o(.bss..L_MergedGlobals.14)
    isWorking                                0x200000a3   Data           1  main.o(.bss..L_MergedGlobals.14)
    lcd_update_flag                          0x200000a4   Data           1  main.o(.bss..L_MergedGlobals.14)
    x_val                                    0x200000a6   Data           2  main.o(.bss..L_MergedGlobals.14)
    y_val                                    0x200000a8   Data           2  main.o(.bss..L_MergedGlobals.14)
    water_val                                0x200000aa   Data           2  main.o(.bss..L_MergedGlobals.14)
    angle                                    0x200000ac   Data           2  main.o(.bss..L_MergedGlobals.14)
    autoMode                                 0x200000b0   Data           4  main.o(.bss..L_MergedGlobals.14)
    mode                                     0x200000b4   Data           4  main.o(.bss..L_MergedGlobals.14)
    prev_range                               0x200000b8   Data           4  main.o(.bss..L_MergedGlobals.14)
    emptyChar                                0x200000bc   Data           8  main.o(.bss..L_MergedGlobals.14)
    myservo1                                 0x200000c4   Data          28  main.o(.bss..L_MergedGlobals.14)
    myservo2                                 0x200000e0   Data          28  main.o(.bss..L_MergedGlobals.14)
    hadc1                                    0x200000fc   Data          72  main.o(.bss.hadc1)
    hi2c1                                    0x20000144   Data          84  main.o(.bss.hi2c1)
    htim1                                    0x20000198   Data          72  main.o(.bss.htim1)
    huart2                                   0x200001e0   Data          72  main.o(.bss.huart2)
    uwTick                                   0x2000022c   Data           4  stm32f4xx_hal.o(.bss.uwTick)



==============================================================================

Memory Map of the image

  Image Entry point : 0x08000199

  Load Region LR_IROM1 (Base: 0x08000000, Size: 0x00004130, Max: 0x00080000, ABSOLUTE)

    Execution Region ER_IROM1 (Exec base: 0x08000000, Load base: 0x08000000, Size: 0x000040f0, Max: 0x00080000, ABSOLUTE)

    Exec Addr    Load Addr    Size         Type   Attr      Idx    E Section Name        Object

    0x08000000   0x08000000   0x00000198   Data   RO            3    RESET               startup_stm32f411xe.o
    0x08000198   0x08000198   0x00000008   Code   RO         1354  * !!!main             c_w.l(__main.o)
    0x080001a0   0x080001a0   0x0000005c   Code   RO         1557    !!!scatter          c_w.l(__scatter.o)
    0x080001fc   0x080001fc   0x0000001a   Code   RO         1561    !!handler_copy      c_w.l(__scatter_copy.o)
    0x08000216   0x08000216   0x00000002   PAD
    0x08000218   0x08000218   0x00000002   Code   RO         1558    !!handler_null      c_w.l(__scatter.o)
    0x0800021a   0x0800021a   0x00000002   PAD
    0x0800021c   0x0800021c   0x0000001c   Code   RO         1563    !!handler_zi        c_w.l(__scatter_zi.o)
    0x08000238   0x08000238   0x00000000   Code   RO         1346    .ARM.Collect$$_printf_percent$$00000000  c_w.l(_printf_percent.o)
    0x08000238   0x08000238   0x00000006   Code   RO         1343    .ARM.Collect$$_printf_percent$$00000008  c_w.l(_printf_i.o)
    0x0800023e   0x0800023e   0x00000006   Code   RO         1344    .ARM.Collect$$_printf_percent$$00000009  c_w.l(_printf_d.o)
    0x08000244   0x08000244   0x00000006   Code   RO         1345    .ARM.Collect$$_printf_percent$$0000000A  c_w.l(_printf_u.o)
    0x0800024a   0x0800024a   0x00000006   Code   RO         1342    .ARM.Collect$$_printf_percent$$0000000B  c_w.l(_printf_o.o)
    0x08000250   0x08000250   0x00000006   Code   RO         1341    .ARM.Collect$$_printf_percent$$0000000C  c_w.l(_printf_x.o)
    0x08000256   0x08000256   0x0000000a   Code   RO         1372    .ARM.Collect$$_printf_percent$$00000012  c_w.l(_printf_l.o)
    0x08000260   0x08000260   0x00000006   Code   RO         1340    .ARM.Collect$$_printf_percent$$00000013  c_w.l(_printf_c.o)
    0x08000266   0x08000266   0x00000006   Code   RO         1347    .ARM.Collect$$_printf_percent$$00000015  c_w.l(_printf_lc.o)
    0x0800026c   0x0800026c   0x00000004   Code   RO         1371    .ARM.Collect$$_printf_percent$$00000017  c_w.l(_printf_percent_end.o)
    0x08000270   0x08000270   0x00000002   Code   RO         1417    .ARM.Collect$$libinit$$00000000  c_w.l(libinit.o)
    0x08000272   0x08000272   0x00000004   Code   RO         1431    .ARM.Collect$$libinit$$00000001  c_w.l(libinit2.o)
    0x08000276   0x08000276   0x00000000   Code   RO         1434    .ARM.Collect$$libinit$$00000004  c_w.l(libinit2.o)
    0x08000276   0x08000276   0x00000000   Code   RO         1436    .ARM.Collect$$libinit$$00000006  c_w.l(libinit2.o)
    0x08000276   0x08000276   0x00000000   Code   RO         1439    .ARM.Collect$$libinit$$0000000C  c_w.l(libinit2.o)
    0x08000276   0x08000276   0x00000000   Code   RO         1441    .ARM.Collect$$libinit$$0000000E  c_w.l(libinit2.o)
    0x08000276   0x08000276   0x00000000   Code   RO         1443    .ARM.Collect$$libinit$$00000010  c_w.l(libinit2.o)
    0x08000276   0x08000276   0x00000006   Code   RO         1444    .ARM.Collect$$libinit$$00000011  c_w.l(libinit2.o)
    0x0800027c   0x0800027c   0x00000000   Code   RO         1446    .ARM.Collect$$libinit$$00000013  c_w.l(libinit2.o)
    0x0800027c   0x0800027c   0x0000000c   Code   RO         1447    .ARM.Collect$$libinit$$00000014  c_w.l(libinit2.o)
    0x08000288   0x08000288   0x00000000   Code   RO         1448    .ARM.Collect$$libinit$$00000015  c_w.l(libinit2.o)
    0x08000288   0x08000288   0x00000000   Code   RO         1450    .ARM.Collect$$libinit$$00000017  c_w.l(libinit2.o)
    0x08000288   0x08000288   0x00000000   Code   RO         1452    .ARM.Collect$$libinit$$00000019  c_w.l(libinit2.o)
    0x08000288   0x08000288   0x00000000   Code   RO         1454    .ARM.Collect$$libinit$$0000001B  c_w.l(libinit2.o)
    0x08000288   0x08000288   0x00000000   Code   RO         1456    .ARM.Collect$$libinit$$0000001D  c_w.l(libinit2.o)
    0x08000288   0x08000288   0x00000000   Code   RO         1458    .ARM.Collect$$libinit$$0000001F  c_w.l(libinit2.o)
    0x08000288   0x08000288   0x00000000   Code   RO         1460    .ARM.Collect$$libinit$$00000021  c_w.l(libinit2.o)
    0x08000288   0x08000288   0x00000000   Code   RO         1462    .ARM.Collect$$libinit$$00000023  c_w.l(libinit2.o)
    0x08000288   0x08000288   0x00000000   Code   RO         1464    .ARM.Collect$$libinit$$00000025  c_w.l(libinit2.o)
    0x08000288   0x08000288   0x00000000   Code   RO         1466    .ARM.Collect$$libinit$$00000027  c_w.l(libinit2.o)
    0x08000288   0x08000288   0x00000000   Code   RO         1470    .ARM.Collect$$libinit$$0000002E  c_w.l(libinit2.o)
    0x08000288   0x08000288   0x00000000   Code   RO         1472    .ARM.Collect$$libinit$$00000030  c_w.l(libinit2.o)
    0x08000288   0x08000288   0x00000000   Code   RO         1474    .ARM.Collect$$libinit$$00000032  c_w.l(libinit2.o)
    0x08000288   0x08000288   0x00000000   Code   RO         1476    .ARM.Collect$$libinit$$00000034  c_w.l(libinit2.o)
    0x08000288   0x08000288   0x00000002   Code   RO         1477    .ARM.Collect$$libinit$$00000035  c_w.l(libinit2.o)
    0x0800028a   0x0800028a   0x00000002   Code   RO         1512    .ARM.Collect$$libshutdown$$00000000  c_w.l(libshutdown.o)
    0x0800028c   0x0800028c   0x00000000   Code   RO         1540    .ARM.Collect$$libshutdown$$00000002  c_w.l(libshutdown2.o)
    0x0800028c   0x0800028c   0x00000000   Code   RO         1542    .ARM.Collect$$libshutdown$$00000004  c_w.l(libshutdown2.o)
    0x0800028c   0x0800028c   0x00000000   Code   RO         1545    .ARM.Collect$$libshutdown$$00000007  c_w.l(libshutdown2.o)
    0x0800028c   0x0800028c   0x00000000   Code   RO         1548    .ARM.Collect$$libshutdown$$0000000A  c_w.l(libshutdown2.o)
    0x0800028c   0x0800028c   0x00000000   Code   RO         1550    .ARM.Collect$$libshutdown$$0000000C  c_w.l(libshutdown2.o)
    0x0800028c   0x0800028c   0x00000000   Code   RO         1553    .ARM.Collect$$libshutdown$$0000000F  c_w.l(libshutdown2.o)
    0x0800028c   0x0800028c   0x00000002   Code   RO         1554    .ARM.Collect$$libshutdown$$00000010  c_w.l(libshutdown2.o)
    0x0800028e   0x0800028e   0x00000000   Code   RO         1356    .ARM.Collect$$rtentry$$00000000  c_w.l(__rtentry.o)
    0x0800028e   0x0800028e   0x00000000   Code   RO         1376    .ARM.Collect$$rtentry$$00000002  c_w.l(__rtentry2.o)
    0x0800028e   0x0800028e   0x00000006   Code   RO         1388    .ARM.Collect$$rtentry$$00000004  c_w.l(__rtentry4.o)
    0x08000294   0x08000294   0x00000000   Code   RO         1378    .ARM.Collect$$rtentry$$00000009  c_w.l(__rtentry2.o)
    0x08000294   0x08000294   0x00000004   Code   RO         1379    .ARM.Collect$$rtentry$$0000000A  c_w.l(__rtentry2.o)
    0x08000298   0x08000298   0x00000000   Code   RO         1381    .ARM.Collect$$rtentry$$0000000C  c_w.l(__rtentry2.o)
    0x08000298   0x08000298   0x00000008   Code   RO         1382    .ARM.Collect$$rtentry$$0000000D  c_w.l(__rtentry2.o)
    0x080002a0   0x080002a0   0x00000002   Code   RO         1421    .ARM.Collect$$rtexit$$00000000  c_w.l(rtexit.o)
    0x080002a2   0x080002a2   0x00000000   Code   RO         1483    .ARM.Collect$$rtexit$$00000002  c_w.l(rtexit2.o)
    0x080002a2   0x080002a2   0x00000004   Code   RO         1484    .ARM.Collect$$rtexit$$00000003  c_w.l(rtexit2.o)
    0x080002a6   0x080002a6   0x00000006   Code   RO         1485    .ARM.Collect$$rtexit$$00000004  c_w.l(rtexit2.o)
    0x080002ac   0x080002ac   0x00000040   Code   RO            4    .text               startup_stm32f411xe.o
    0x080002ec   0x080002ec   0x000000f0   Code   RO         1274    .text               c_w.l(lludivv7m.o)
    0x080003dc   0x080003dc   0x00000028   Code   RO         1278    .text               c_w.l(noretval__2sprintf.o)
    0x08000404   0x08000404   0x0000004e   Code   RO         1282    .text               c_w.l(_printf_pad.o)
    0x08000452   0x08000452   0x00000024   Code   RO         1284    .text               c_w.l(_printf_truncate.o)
    0x08000476   0x08000476   0x00000052   Code   RO         1286    .text               c_w.l(_printf_str.o)
    0x080004c8   0x080004c8   0x00000078   Code   RO         1288    .text               c_w.l(_printf_dec.o)
    0x08000540   0x08000540   0x000000bc   Code   RO         1290    .text               c_w.l(_printf_wctomb.o)
    0x080005fc   0x080005fc   0x00000054   Code   RO         1295    .text               c_w.l(_printf_oct_int.o)
    0x08000650   0x08000650   0x00000058   Code   RO         1302    .text               c_w.l(_printf_hex_int.o)
    0x080006a8   0x080006a8   0x00000188   Code   RO         1337    .text               c_w.l(__printf_flags_ss_wp.o)
    0x08000830   0x08000830   0x0000003e   Code   RO         1348    .text               c_w.l(strlen.o)
    0x0800086e   0x0800086e   0x0000004e   Code   RO         1350    .text               c_w.l(rt_memclr_w.o)
    0x080008bc   0x080008bc   0x00000006   Code   RO         1352    .text               c_w.l(heapauxi.o)
    0x080008c2   0x080008c2   0x000000b2   Code   RO         1361    .text               c_w.l(_printf_intcommon.o)
    0x08000974   0x08000974   0x00000030   Code   RO         1363    .text               c_w.l(_printf_char_common.o)
    0x080009a4   0x080009a4   0x0000000a   Code   RO         1365    .text               c_w.l(_sputc.o)
    0x080009ae   0x080009ae   0x0000002c   Code   RO         1367    .text               c_w.l(_printf_char.o)
    0x080009da   0x080009da   0x0000002c   Code   RO         1369    .text               c_w.l(_printf_wchar.o)
    0x08000a06   0x08000a06   0x00000048   Code   RO         1373    .text               c_w.l(_c16rtomb.o)
    0x08000a4e   0x08000a4e   0x00000002   PAD
    0x08000a50   0x08000a50   0x00000010   Code   RO         1390    .text               c_w.l(rt_ctype_table.o)
    0x08000a60   0x08000a60   0x0000004a   Code   RO         1396    .text               c_w.l(sys_stackheap_outer.o)
    0x08000aaa   0x08000aaa   0x00000002   PAD
    0x08000aac   0x08000aac   0x00000008   Code   RO         1401    .text               c_w.l(rt_locale_intlibspace.o)
    0x08000ab4   0x08000ab4   0x00000012   Code   RO         1406    .text               c_w.l(exit.o)
    0x08000ac6   0x08000ac6   0x00000002   PAD
    0x08000ac8   0x08000ac8   0x00000008   Code   RO         1418    .text               c_w.l(libspace.o)
    0x08000ad0   0x08000ad0   0x0000007c   Code   RO         1429    .text               c_w.l(strcmpv7em.o)
    0x08000b4c   0x08000b4c   0x0000000c   Code   RO         1478    .text               c_w.l(sys_exit.o)
    0x08000b58   0x08000b58   0x00000002   Code   RO         1501    .text               c_w.l(use_no_semi.o)
    0x08000b5a   0x08000b5a   0x00000000   Code   RO         1503    .text               c_w.l(indicate_semi.o)
    0x08000b5a   0x08000b5a   0x00000002   PAD
    0x08000b5c   0x08000b5c   0x0000000c   Code   RO          114    .text.ADC_IRQHandler  stm32f4xx_it.o
    0x08000b68   0x08000b68   0x00000002   Code   RO          100    .text.BusFault_Handler  stm32f4xx_it.o
    0x08000b6a   0x08000b6a   0x00000002   PAD
    0x08000b6c   0x08000b6c   0x00000002   Code   RO          106    .text.DebugMon_Handler  stm32f4xx_it.o
    0x08000b6e   0x08000b6e   0x00000002   PAD
    0x08000b70   0x08000b70   0x00000006   Code   RO          112    .text.EXTI0_IRQHandler  stm32f4xx_it.o
    0x08000b76   0x08000b76   0x00000002   PAD
    0x08000b78   0x08000b78   0x00000070   Code   RO           43    .text.FSet_Angle    myservo.o
    0x08000be8   0x08000be8   0x0000000e   Code   RO           45    .text.FSet_Range    myservo.o
    0x08000bf6   0x08000bf6   0x00000002   PAD
    0x08000bf8   0x08000bf8   0x00000002   Code   RO          235    .text.HAL_ADCEx_InjectedConvCpltCallback  stm32f4xx_hal_adc_ex.o
    0x08000bfa   0x08000bfa   0x00000002   PAD
    0x08000bfc   0x08000bfc   0x00000066   Code   RO          197    .text.HAL_ADC_AnalogWDGConfig  stm32f4xx_hal_adc.o
    0x08000c62   0x08000c62   0x00000002   PAD
    0x08000c64   0x08000c64   0x00000162   Code   RO          195    .text.HAL_ADC_ConfigChannel  stm32f4xx_hal_adc.o
    0x08000dc6   0x08000dc6   0x00000002   PAD
    0x08000dc8   0x08000dc8   0x000000b6   Code   RO           65    .text.HAL_ADC_ConvCpltCallback  main.o
    0x08000e7e   0x08000e7e   0x00000002   PAD
    0x08000e80   0x08000e80   0x00000002   Code   RO          179    .text.HAL_ADC_ErrorCallback  stm32f4xx_hal_adc.o
    0x08000e82   0x08000e82   0x00000002   PAD
    0x08000e84   0x08000e84   0x00000006   Code   RO          191    .text.HAL_ADC_GetValue  stm32f4xx_hal_adc.o
    0x08000e8a   0x08000e8a   0x00000002   PAD
    0x08000e8c   0x08000e8c   0x00000136   Code   RO          173    .text.HAL_ADC_IRQHandler  stm32f4xx_hal_adc.o
    0x08000fc2   0x08000fc2   0x00000002   PAD
    0x08000fc4   0x08000fc4   0x0000015c   Code   RO          153    .text.HAL_ADC_Init  stm32f4xx_hal_adc.o
    0x08001120   0x08001120   0x00000026   Code   RO           67    .text.HAL_ADC_LevelOutOfWindowCallback  main.o
    0x08001146   0x08001146   0x00000002   PAD
    0x08001148   0x08001148   0x000000a2   Code   RO          127    .text.HAL_ADC_MspInit  stm32f4xx_hal_msp.o
    0x080011ea   0x080011ea   0x00000002   PAD
    0x080011ec   0x080011ec   0x00000126   Code   RO          169    .text.HAL_ADC_Start_IT  stm32f4xx_hal_adc.o
    0x08001312   0x08001312   0x00000002   PAD
    0x08001314   0x08001314   0x00000040   Code   RO          171    .text.HAL_ADC_Stop_IT  stm32f4xx_hal_adc.o
    0x08001354   0x08001354   0x00000028   Code   RO          597    .text.HAL_Delay     stm32f4xx_hal.o
    0x0800137c   0x0800137c   0x00000036   Code   RO           69    .text.HAL_GPIO_EXTI_Callback  main.o
    0x080013b2   0x080013b2   0x00000002   PAD
    0x080013b4   0x080013b4   0x00000016   Code   RO          396    .text.HAL_GPIO_EXTI_IRQHandler  stm32f4xx_hal_gpio.o
    0x080013ca   0x080013ca   0x00000002   PAD
    0x080013cc   0x080013cc   0x0000019e   Code   RO          384    .text.HAL_GPIO_Init  stm32f4xx_hal_gpio.o
    0x0800156a   0x0800156a   0x00000002   PAD
    0x0800156c   0x0800156c   0x0000000a   Code   RO          388    .text.HAL_GPIO_ReadPin  stm32f4xx_hal_gpio.o
    0x08001576   0x08001576   0x00000002   PAD
    0x08001578   0x08001578   0x0000000a   Code   RO          390    .text.HAL_GPIO_WritePin  stm32f4xx_hal_gpio.o
    0x08001582   0x08001582   0x00000002   PAD
    0x08001584   0x08001584   0x0000000c   Code   RO          589    .text.HAL_GetTick   stm32f4xx_hal.o
    0x08001590   0x08001590   0x00000164   Code   RO          667    .text.HAL_I2C_Init  stm32f4xx_hal_i2c.o
    0x080016f4   0x080016f4   0x000001dc   Code   RO          675    .text.HAL_I2C_Master_Transmit  stm32f4xx_hal_i2c.o
    0x080018d0   0x080018d0   0x00000076   Code   RO          131    .text.HAL_I2C_MspInit  stm32f4xx_hal_msp.o
    0x08001946   0x08001946   0x00000002   PAD
    0x08001948   0x08001948   0x0000001a   Code   RO          587    .text.HAL_IncTick   stm32f4xx_hal.o
    0x08001962   0x08001962   0x00000002   PAD
    0x08001964   0x08001964   0x00000036   Code   RO          577    .text.HAL_Init      stm32f4xx_hal.o
    0x0800199a   0x0800199a   0x00000002   PAD
    0x0800199c   0x0800199c   0x00000048   Code   RO          579    .text.HAL_InitTick  stm32f4xx_hal.o
    0x080019e4   0x080019e4   0x0000003c   Code   RO          125    .text.HAL_MspInit   stm32f4xx_hal_msp.o
    0x08001a20   0x08001a20   0x00000022   Code   RO          529    .text.HAL_NVIC_EnableIRQ  stm32f4xx_hal_cortex.o
    0x08001a42   0x08001a42   0x00000002   PAD
    0x08001a44   0x08001a44   0x00000056   Code   RO          527    .text.HAL_NVIC_SetPriority  stm32f4xx_hal_cortex.o
    0x08001a9a   0x08001a9a   0x00000002   PAD
    0x08001a9c   0x08001a9c   0x00000020   Code   RO          525    .text.HAL_NVIC_SetPriorityGrouping  stm32f4xx_hal_cortex.o
    0x08001abc   0x08001abc   0x00000164   Code   RO          254    .text.HAL_RCC_ClockConfig  stm32f4xx_hal_rcc.o
    0x08001c20   0x08001c20   0x00000026   Code   RO          266    .text.HAL_RCC_GetPCLK1Freq  stm32f4xx_hal_rcc.o
    0x08001c46   0x08001c46   0x00000002   PAD
    0x08001c48   0x08001c48   0x00000026   Code   RO          268    .text.HAL_RCC_GetPCLK2Freq  stm32f4xx_hal_rcc.o
    0x08001c6e   0x08001c6e   0x00000002   PAD
    0x08001c70   0x08001c70   0x00000070   Code   RO          256    .text.HAL_RCC_GetSysClockFreq  stm32f4xx_hal_rcc.o
    0x08001ce0   0x08001ce0   0x000003ac   Code   RO          252    .text.HAL_RCC_OscConfig  stm32f4xx_hal_rcc.o
    0x0800208c   0x0800208c   0x0000002c   Code   RO          537    .text.HAL_SYSTICK_Config  stm32f4xx_hal_cortex.o
    0x080020b8   0x080020b8   0x00000002   Code   RO         1122    .text.HAL_TIMEx_BreakCallback  stm32f4xx_hal_tim_ex.o
    0x080020ba   0x080020ba   0x00000002   PAD
    0x080020bc   0x080020bc   0x00000002   Code   RO         1118    .text.HAL_TIMEx_CommutCallback  stm32f4xx_hal_tim_ex.o
    0x080020be   0x080020be   0x00000002   PAD
    0x080020c0   0x080020c0   0x0000004c   Code   RO         1114    .text.HAL_TIMEx_ConfigBreakDeadTime  stm32f4xx_hal_tim_ex.o
    0x0800210c   0x0800210c   0x00000094   Code   RO         1112    .text.HAL_TIMEx_MasterConfigSynchronization  stm32f4xx_hal_tim_ex.o
    0x080021a0   0x080021a0   0x0000005a   Code   RO          817    .text.HAL_TIM_Base_Init  stm32f4xx_hal_tim.o
    0x080021fa   0x080021fa   0x00000002   PAD
    0x080021fc   0x080021fc   0x00000046   Code   RO          135    .text.HAL_TIM_Base_MspInit  stm32f4xx_hal_msp.o
    0x08002242   0x08002242   0x00000002   PAD
    0x08002244   0x08002244   0x00000084   Code   RO          831    .text.HAL_TIM_Base_Start_IT  stm32f4xx_hal_tim.o
    0x080022c8   0x080022c8   0x000001a0   Code   RO          997    .text.HAL_TIM_ConfigClockSource  stm32f4xx_hal_tim.o
    0x08002468   0x08002468   0x00000002   Code   RO          953    .text.HAL_TIM_IC_CaptureCallback  stm32f4xx_hal_tim.o
    0x0800246a   0x0800246a   0x00000002   PAD
    0x0800246c   0x0800246c   0x0000014e   Code   RO          951    .text.HAL_TIM_IRQHandler  stm32f4xx_hal_tim.o
    0x080025ba   0x080025ba   0x00000002   PAD
    0x080025bc   0x080025bc   0x0000005c   Code   RO          137    .text.HAL_TIM_MspPostInit  stm32f4xx_hal_msp.o
    0x08002618   0x08002618   0x00000002   Code   RO          955    .text.HAL_TIM_OC_DelayElapsedCallback  stm32f4xx_hal_tim.o
    0x0800261a   0x0800261a   0x00000002   PAD
    0x0800261c   0x0800261c   0x000001fc   Code   RO          971    .text.HAL_TIM_PWM_ConfigChannel  stm32f4xx_hal_tim.o
    0x08002818   0x08002818   0x0000005a   Code   RO          871    .text.HAL_TIM_PWM_Init  stm32f4xx_hal_tim.o
    0x08002872   0x08002872   0x00000002   PAD
    0x08002874   0x08002874   0x00000002   Code   RO          873    .text.HAL_TIM_PWM_MspInit  stm32f4xx_hal_tim.o
    0x08002876   0x08002876   0x00000002   PAD
    0x08002878   0x08002878   0x00000002   Code   RO          957    .text.HAL_TIM_PWM_PulseFinishedCallback  stm32f4xx_hal_tim.o
    0x0800287a   0x0800287a   0x00000002   PAD
    0x0800287c   0x0800287c   0x000000f0   Code   RO          879    .text.HAL_TIM_PWM_Start  stm32f4xx_hal_tim.o
    0x0800296c   0x0800296c   0x000000a0   Code   RO           71    .text.HAL_TIM_PeriodElapsedCallback  main.o
    0x08002a0c   0x08002a0c   0x00000002   Code   RO          961    .text.HAL_TIM_TriggerCallback  stm32f4xx_hal_tim.o
    0x08002a0e   0x08002a0e   0x00000002   PAD
    0x08002a10   0x08002a10   0x00000060   Code   RO         1136    .text.HAL_UART_Init  stm32f4xx_hal_uart.o
    0x08002a70   0x08002a70   0x00000074   Code   RO          141    .text.HAL_UART_MspInit  stm32f4xx_hal_msp.o
    0x08002ae4   0x08002ae4   0x00000192   Code   RO         1152    .text.HAL_UART_Transmit  stm32f4xx_hal_uart.o
    0x08002c76   0x08002c76   0x00000002   PAD
    0x08002c78   0x08002c78   0x00000002   Code   RO           96    .text.HardFault_Handler  stm32f4xx_it.o
    0x08002c7a   0x08002c7a   0x00000002   PAD
    0x08002c7c   0x08002c7c   0x000000ba   Code   RO          681    .text.I2C_WaitOnBTFFlagUntilTimeout  stm32f4xx_hal_i2c.o
    0x08002d36   0x08002d36   0x00000002   PAD
    0x08002d38   0x08002d38   0x000001ca   Code   RO          677    .text.I2C_WaitOnFlagUntilTimeout  stm32f4xx_hal_i2c.o
    0x08002f02   0x08002f02   0x00000002   PAD
    0x08002f04   0x08002f04   0x000000d6   Code   RO          795    .text.I2C_WaitOnMasterAddressFlagUntilTimeout  stm32f4xx_hal_i2c.o
    0x08002fda   0x08002fda   0x00000002   PAD
    0x08002fdc   0x08002fdc   0x000000ba   Code   RO          679    .text.I2C_WaitOnTXEFlagUntilTimeout  stm32f4xx_hal_i2c.o
    0x08003096   0x08003096   0x00000002   PAD
    0x08003098   0x08003098   0x00000002   Code   RO           98    .text.MemManage_Handler  stm32f4xx_it.o
    0x0800309a   0x0800309a   0x00000002   PAD
    0x0800309c   0x0800309c   0x00000002   Code   RO           94    .text.NMI_Handler   stm32f4xx_it.o
    0x0800309e   0x0800309e   0x00000002   PAD
    0x080030a0   0x080030a0   0x00000002   Code   RO          108    .text.PendSV_Handler  stm32f4xx_it.o
    0x080030a2   0x080030a2   0x00000002   PAD
    0x080030a4   0x080030a4   0x000000e4   Code   RO           63    .text.Print_Value   main.o
    0x08003188   0x08003188   0x00000002   Code   RO          104    .text.SVC_Handler   stm32f4xx_it.o
    0x0800318a   0x0800318a   0x00000002   PAD
    0x0800318c   0x0800318c   0x00000004   Code   RO          110    .text.SysTick_Handler  stm32f4xx_it.o
    0x08003190   0x08003190   0x000000a4   Code   RO           57    .text.SystemClock_Config  main.o
    0x08003234   0x08003234   0x00000012   Code   RO         1258    .text.SystemInit    system_stm32f4xx.o
    0x08003246   0x08003246   0x00000002   PAD
    0x08003248   0x08003248   0x0000000c   Code   RO          116    .text.TIM1_UP_TIM10_IRQHandler  stm32f4xx_it.o
    0x08003254   0x08003254   0x000000f8   Code   RO          821    .text.TIM_Base_SetConfig  stm32f4xx_hal_tim.o
    0x0800334c   0x0800334c   0x000000e6   Code   RO         1140    .text.UART_SetConfig  stm32f4xx_hal_uart.o
    0x08003432   0x08003432   0x00000002   PAD
    0x08003434   0x08003434   0x00000002   Code   RO          102    .text.UsageFault_Handler  stm32f4xx_it.o
    0x08003436   0x08003436   0x00000002   PAD
    0x08003438   0x08003438   0x00000022   Code   RO           41    .text.init_Servo    myservo.o
    0x0800345a   0x0800345a   0x00000002   PAD
    0x0800345c   0x0800345c   0x000001da   Code   RO           25    .text.lcd_create_char  my_1602.o
    0x08003636   0x08003636   0x00000002   PAD
    0x08003638   0x08003638   0x00000106   Code   RO           11    .text.lcd_init      my_1602.o
    0x0800373e   0x0800373e   0x00000002   PAD
    0x08003740   0x08003740   0x000000a2   Code   RO           27    .text.lcd_replace_char  my_1602.o
    0x080037e2   0x080037e2   0x00000002   PAD
    0x080037e4   0x080037e4   0x0000005e   Code   RO           17    .text.lcd_send_string  my_1602.o
    0x08003842   0x08003842   0x00000002   PAD
    0x08003844   0x08003844   0x00000052   Code   RO           23    .text.lcd_set_cursor  my_1602.o
    0x08003896   0x08003896   0x00000002   PAD
    0x08003898   0x08003898   0x00000618   Code   RO           55    .text.main          main.o
    0x08003eb0   0x08003eb0   0x0000000e   Code   RO         1330    i._is_digit         c_w.l(__printf_wp.o)
    0x08003ebe   0x08003ebe   0x00000002   PAD
    0x08003ec0   0x08003ec0   0x0000002c   Code   RO         1404    locale$$code        c_w.l(lc_ctype_c.o)
    0x08003eec   0x08003eec   0x0000001a   Code   RO         1495    x$fpl$fpinit        fz_wm.l(fpinit.o)
    0x08003f06   0x08003f06   0x00000002   PAD
    0x08003f08   0x08003f08   0x00000008   Data   RO         1291    .constdata          c_w.l(_printf_wctomb.o)
    0x08003f10   0x08003f10   0x00000028   Data   RO         1303    .constdata          c_w.l(_printf_hex_int.o)
    0x08003f38   0x08003f38   0x00000011   Data   RO         1338    .constdata          c_w.l(__printf_flags_ss_wp.o)
    0x08003f49   0x08003f49   0x00000010   Data   RO         1263    .rodata.AHBPrescTable  system_stm32f4xx.o
    0x08003f59   0x08003f59   0x00000008   Data   RO         1264    .rodata.APBPrescTable  system_stm32f4xx.o
    0x08003f61   0x08003f61   0x00000001   PAD
    0x08003f62   0x08003f62   0x00000008   Data   RO           77    .rodata.MAX         main.o
    0x08003f6a   0x08003f6a   0x00000008   Data   RO           76    .rodata.MIN         main.o
    0x08003f72   0x08003f72   0x00000004   Data   RO           32    .rodata.cst4        my_1602.o
    0x08003f76   0x08003f76   0x00000049   Data   RO           78    .rodata.str1.1      main.o
    0x08003fbf   0x08003fbf   0x00000001   PAD
    0x08003fc0   0x08003fc0   0x00000020   Data   RO         1556    Region$$Table       anon$$obj.o
    0x08003fe0   0x08003fe0   0x00000110   Data   RO         1403    locale$$data        c_w.l(lc_ctype_c.o)


    Execution Region RW_IRAM1 (Exec base: 0x20000000, Load base: 0x080040f0, Size: 0x00000830, Max: 0x00020000, ABSOLUTE)

    Exec Addr    Load Addr    Size         Type   Attr      Idx    E Section Name        Object

    0x20000000   0x080040f0   0x00000030   Data   RW           84    .data..L_MergedGlobals  main.o
    0x20000030   0x08004120   0x00000008   Data   RW          632    .data..L_MergedGlobals  stm32f4xx_hal.o
    0x20000038   0x08004128   0x00000004   Data   RW         1262    .data.SystemCoreClock  system_stm32f4xx.o
    0x2000003c   0x0800412c   0x00000004   PAD
    0x20000040        -       0x00000060   Zero   RW         1419    .bss                c_w.l(libspace.o)
    0x200000a0        -       0x0000005c   Zero   RW           85    .bss..L_MergedGlobals.14  main.o
    0x200000fc        -       0x00000048   Zero   RW           79    .bss.hadc1          main.o
    0x20000144        -       0x00000054   Zero   RW           81    .bss.hi2c1          main.o
    0x20000198        -       0x00000048   Zero   RW           80    .bss.htim1          main.o
    0x200001e0        -       0x00000048   Zero   RW           82    .bss.huart2         main.o
    0x20000228        -       0x00000004   Zero   RW           31    .bss.lcd_i2c        my_1602.o
    0x2000022c        -       0x00000004   Zero   RW          631    .bss.uwTick         stm32f4xx_hal.o
    0x20000230        -       0x00000200   Zero   RW            2    HEAP                startup_stm32f411xe.o
    0x20000430        -       0x00000400   Zero   RW            1    STACK               startup_stm32f411xe.o


==============================================================================

Image component sizes


      Code (inc. data)   RO Data    RW Data    ZI Data      Debug   Object Name

      2386         40         89         48        392      19797   main.o
      1074          0          4          0          4      11087   my_1602.o
       160          0          0          0          0       4880   myservo.o
        64         26        408          0       1536        856   startup_stm32f411xe.o
       204          0          0          8          4       6922   stm32f4xx_hal.o
      1480          0          0          0          0      12149   stm32f4xx_hal_adc.o
         2          0          0          0          0      10036   stm32f4xx_hal_adc_ex.o
       196          0          0          0          0      10269   stm32f4xx_hal_cortex.o
       456          0          0          0          0       5522   stm32f4xx_hal_gpio.o
      1876          0          0          0          0      44645   stm32f4xx_hal_i2c.o
       618          0          0          0          0      12117   stm32f4xx_hal_msp.o
      1484          4          0          0          0       7724   stm32f4xx_hal_rcc.o
      2068          6          0          0          0      57912   stm32f4xx_hal_tim.o
       228          0          0          0          0      21680   stm32f4xx_hal_tim_ex.o
       728          0          0          0          0      32832   stm32f4xx_hal_uart.o
        50          0          0          0          0       5824   stm32f4xx_it.o
        18          0         24          4          0       2691   system_stm32f4xx.o

    ----------------------------------------------------------------------
     13204         76        559         60       1940     266943   Object Totals
         0          0         32          0          0          0   (incl. Generated)
       112          0          2          0          4          0   (incl. Padding)

    ----------------------------------------------------------------------

      Code (inc. data)   RO Data    RW Data    ZI Data      Debug   Library Member Name

         8          0          0          0          0         68   __main.o
       392          4         17          0          0         92   __printf_flags_ss_wp.o
        14          0          0          0          0         68   __printf_wp.o
         0          0          0          0          0          0   __rtentry.o
        12          0          0          0          0          0   __rtentry2.o
         6          0          0          0          0          0   __rtentry4.o
        94          8          0          0          0          0   __scatter.o
        26          0          0          0          0          0   __scatter_copy.o
        28          0          0          0          0          0   __scatter_zi.o
        72          0          0          0          0         96   _c16rtomb.o
         6          0          0          0          0          0   _printf_c.o
        44          0          0          0          0        108   _printf_char.o
        48          6          0          0          0         96   _printf_char_common.o
         6          0          0          0          0          0   _printf_d.o
       120         16          0          0          0         92   _printf_dec.o
        88          4         40          0          0         88   _printf_hex_int.o
         6          0          0          0          0          0   _printf_i.o
       178          0          0          0          0         88   _printf_intcommon.o
        10          0          0          0          0          0   _printf_l.o
         6          0          0          0          0          0   _printf_lc.o
         6          0          0          0          0          0   _printf_o.o
        84         10          0          0          0         88   _printf_oct_int.o
        78          0          0          0          0        108   _printf_pad.o
         0          0          0          0          0          0   _printf_percent.o
         4          0          0          0          0          0   _printf_percent_end.o
        82          0          0          0          0         80   _printf_str.o
        36          0          0          0          0         84   _printf_truncate.o
         6          0          0          0          0          0   _printf_u.o
        44          0          0          0          0        108   _printf_wchar.o
       188          6          8          0          0         92   _printf_wctomb.o
         6          0          0          0          0          0   _printf_x.o
        10          0          0          0          0         68   _sputc.o
        18          0          0          0          0         80   exit.o
         6          0          0          0          0        152   heapauxi.o
         0          0          0          0          0          0   indicate_semi.o
        44         10        272          0          0         76   lc_ctype_c.o
         2          0          0          0          0          0   libinit.o
        24          0          0          0          0          0   libinit2.o
         2          0          0          0          0          0   libshutdown.o
         2          0          0          0          0          0   libshutdown2.o
         8          4          0          0         96         68   libspace.o
       240          0          0          0          0        100   lludivv7m.o
        40          6          0          0          0         84   noretval__2sprintf.o
        16          4          0          0          0         76   rt_ctype_table.o
         8          4          0          0          0         68   rt_locale_intlibspace.o
        78          0          0          0          0         80   rt_memclr_w.o
         2          0          0          0          0          0   rtexit.o
        10          0          0          0          0          0   rtexit2.o
       124          0          0          0          0         88   strcmpv7em.o
        62          0          0          0          0         76   strlen.o
        12          4          0          0          0         68   sys_exit.o
        74          0          0          0          0         80   sys_stackheap_outer.o
         2          0          0          0          0         68   use_no_semi.o
        26          0          0          0          0        116   fpinit.o

    ----------------------------------------------------------------------
      2524         86        337          0         96       2704   Library Totals
        16          0          0          0          0          0   (incl. Padding)

    ----------------------------------------------------------------------

      Code (inc. data)   RO Data    RW Data    ZI Data      Debug   Library Name

      2482         86        337          0         96       2588   c_w.l
        26          0          0          0          0        116   fz_wm.l

    ----------------------------------------------------------------------
      2524         86        337          0         96       2704   Library Totals

    ----------------------------------------------------------------------

==============================================================================


      Code (inc. data)   RO Data    RW Data    ZI Data      Debug   

     15728        162        896         60       2036     268063   Grand Totals
     15728        162        896         60       2036     268063   ELF Image Totals
     15728        162        896         60          0          0   ROM Totals

==============================================================================

    Total RO  Size (Code + RO Data)                16624 (  16.23kB)
    Total RW  Size (RW Data + ZI Data)              2096 (   2.05kB)
    Total ROM Size (Code + RO Data + RW Data)      16684 (  16.29kB)

==============================================================================

